Microchip MPLAB XC8 Compiler V2.41

Linker command line:

-W-3 \
  --edf=C:\Program Files\Microchip\xc8\v2.41\pic\dat\20230208172133_en.msgs \
  -cn -h+dist/default/production\OLED_45550.X.production.sym \
  --cmf=dist/default/production\OLED_45550.X.production.cmf -z -Q18F4550 \
  -oC:\Users\ricar\AppData\Local\Temp\xcAscq0.\driver_tmp_3.o \
  --defsym=__MPLAB_BUILD=1 --fixupoverflow=error \
  -Mdist/default/production/OLED_45550.X.production.map \
  --md=C:\Users\ricar\AppData\Local\Temp\xcAscq0.\driver_tmp_0.dat -E1 \
  -ver=XC8 Compiler --acfsm=1493 -ACODE=00h-07FFFh -ACONST=00h-07FFFh \
  -ASMALLCONST=0800h-08FFhx120 -AMEDIUMCONST=0800h-07FFFh -ACOMRAM=01h-05Fh \
  -AABS1=00h-07FFh -ABIGRAM=01h-07FFh -ARAM=060h-0FFh,0100h-01FFhx7 \
  -ABANK0=060h-0FFh -ABANK1=0100h-01FFh -ABANK2=0200h-02FFh \
  -ABANK3=0300h-03FFh -ABANK4=0400h-04FFh -ABANK5=0500h-05FFh \
  -ABANK6=0600h-06FFh -ABANK7=0700h-07FFh -ASFR=0F60h-0FFFh \
  -ABIGSFR=0F60h-0FFFh -ACONFIG=0300000h-030000Dh -AIDLOC=0200000h-0200007h \
  -AEEDATA=0F00000h-0F000FFh -peeprom_data=EEDATA \
  -preset_vec=00h,intcode,intcodelo,powerup,init -pramtop=0800h \
  -psmallconst=SMALLCONST -pmediumconst=MEDIUMCONST -pconst=CONST \
  -AFARRAM=00h-00h \
  -prdata=COMRAM,nvrram=COMRAM,nvbit=COMRAM,rbss=COMRAM,rbit=COMRAM \
  -pfarbss=FARRAM,fardata=FARRAM,nvFARRAM=FARRAM \
  -pintsave_regs=BIGRAM,bigbss=BIGRAM,bigdata=BIGRAM -pbss=RAM \
  -pidata=CODE,irdata=CODE,ibigdata=CODE,ifardata=CODE -prparam=COMRAM \
  C:\Users\ricar\AppData\Local\Temp\xcAscq0.\driver_tmp_9.o \
  dist/default/production\OLED_45550.X.production.o 

Object code version is 3.11

Machine type is 18F4550



                Name                               Link     Load   Length Selector   Space Scale
C:\Users\ricar\AppData\Local\Temp\xcAscq0.\driver_tmp_9.o
                idloc                            200000   200000        8        0       5
                config                           300000   300000        E        0       4
                init                                  0        0        4        0       0
dist/default/production\OLED_45550.X.production.o
                idloc                            200000   200000        8        0       5
                config                           300000   300000        E        0       4
                mediumconst                        6BBC     6BBC     1444     35DE       0
                text18                             5C26     5C26       42     2E13       0
                text17                             60BA     60BA      176     305D       0
                text16                             5B50     5B50       1E     2DA8       0
                text15                             5B0E     5B0E       14     2D87       0
                text14                             5B22     5B22       14     2D91       0
                text13                             5B36     5B36       1A     2D9B       0
                text12                             5B6E     5B6E       1E     2DB7       0
                text11                             5CD2     5CD2       8E     2E69       0
                text10                             5D60     5D60       BE     2EB0       0
                text9                              5C68     5C68       6A     2E34       0
                text8                              5E1E     5E1E       C4     2F0F       0
                text7                              5B06     5B06        4     2D83       0
                text6                              5B0A     5B0A        4     2D85       0
                text5                              6230     6230      1C0     3118       0
                text4                              5B8C     5B8C       26     2DC6       0
                text3                              63F0     63F0      3CC     31F8       0
                text2                              5BB2     5BB2       3A     2DD9       0
                text1                              5EE2     5EE2       D6     2F71       0
                text0                              5FB8     5FB8      102     2FDC       0
                cstackCOMRAM                          1        1       39        1       1
                dataBIGRAM                          400      400      400      400       1
                bssCOMRAM                            3A       3A        7        1       1
                cinit                              5BEC     5BEC       3A     2DF6       0
                idataBIGRAM                        67BC     67BC      400     67BC       0

TOTAL           Name                               Link     Load   Length     Space
        CLASS   CODE           
                init                                  0        0        4         0
                text18                             5C26     5C26       42         0
                text17                             60BA     60BA      176         0
                text16                             5B50     5B50       1E         0
                text15                             5B0E     5B0E       14         0
                text14                             5B22     5B22       14         0
                text13                             5B36     5B36       1A         0
                text12                             5B6E     5B6E       1E         0
                text11                             5CD2     5CD2       8E         0
                text10                             5D60     5D60       BE         0
                text9                              5C68     5C68       6A         0
                text8                              5E1E     5E1E       C4         0
                text7                              5B06     5B06        4         0
                text6                              5B0A     5B0A        4         0
                text5                              6230     6230      1C0         0
                text4                              5B8C     5B8C       26         0
                text3                              63F0     63F0      3CC         0
                text2                              5BB2     5BB2       3A         0
                text1                              5EE2     5EE2       D6         0
                text0                              5FB8     5FB8      102         0
                cinit                              5BEC     5BEC       3A         0
                idataBIGRAM                        67BC     67BC      400         0

        CLASS   CONST          

        CLASS   SMALLCONST     

        CLASS   MEDIUMCONST    
                mediumconst                        6BBC     6BBC     1444         0

        CLASS   COMRAM         
                cstackCOMRAM                          1        1       39         1
                bssCOMRAM                            3A       3A        7         1

        CLASS   ABS1           

        CLASS   BIGRAM         
                dataBIGRAM                          400      400      400         1

        CLASS   RAM            

        CLASS   BANK0          

        CLASS   BANK1          

        CLASS   BANK2          

        CLASS   BANK3          

        CLASS   BANK4          

        CLASS   BANK5          

        CLASS   BANK6          

        CLASS   BANK7          

        CLASS   SFR            

        CLASS   BIGSFR         

        CLASS   CONFIG         
                config                           300000   300000        E         4

        CLASS   IDLOC          
                idloc                            200000   200000        8         5

        CLASS   EEDATA         

        CLASS   FARRAM         

        CLASS   HEAP           

        CLASS   STACK          



SEGMENTS        Name                           Load    Length   Top    Selector   Space  Class

                reset_vec                      000000  000004  000004         0       0  CODE    
                cstackCOMRAM                   000001  000040  000041         1       1  COMRAM  
                dataBIGRAM                     000400  000400  000800       400       1  BIGRAM  
                text7                          005B06  000004  005B0A      2D83       0  CODE    
                text6                          005B0A  000004  005B0E      2D85       0  CODE    
                text15                         005B0E  000014  005B22      2D87       0  CODE    
                text14                         005B22  000014  005B36      2D91       0  CODE    
                text13                         005B36  00001A  005B50      2D9B       0  CODE    
                text16                         005B50  00001E  005B6E      2DA8       0  CODE    
                text12                         005B6E  00001E  005B8C      2DB7       0  CODE    
                text4                          005B8C  000026  005BB2      2DC6       0  CODE    
                text2                          005BB2  00003A  005BEC      2DD9       0  CODE    
                cinit                          005BEC  00003A  005C26      2DF6       0  CODE    
                text18                         005C26  000042  005C68      2E13       0  CODE    
                text9                          005C68  00006A  005CD2      2E34       0  CODE    
                text11                         005CD2  00008E  005D60      2E69       0  CODE    
                text10                         005D60  0000BE  005E1E      2EB0       0  CODE    
                text8                          005E1E  0000C4  005EE2      2F0F       0  CODE    
                text1                          005EE2  0000D6  005FB8      2F71       0  CODE    
                text0                          005FB8  000102  0060BA      2FDC       0  CODE    
                text17                         0060BA  000176  006230      305D       0  CODE    
                text5                          006230  0001C0  0063F0      3118       0  CODE    
                text3                          0063F0  0003CC  0067BC      31F8       0  CODE    
                idataBIGRAM                    0067BC  000400  006BBC      67BC       0  CODE    
                mediumconst                    006BBC  001444  008000      35DE       0  MEDIUMCO


UNUSED ADDRESS RANGES

        Name                Unused          Largest block    Delta
        BANK0            000060-0000FF               A0
        BANK1            000100-0001FF              100
        BANK2            000200-0002FF              100
        BANK3            000300-0003FF              100
        BIGRAM           000041-0003FF              3BF
        BIGSFR           000F60-000FFF               A0
        CODE             000004-005B05             5B02
        COMRAM           000041-00005F               1F
        CONST            000004-005B05             5B02
        EEDATA           F00000-F000FF              100
        MEDIUMCONST      000800-005B05             5306
        RAM              000060-0003FF              100
        SFR              000F60-000FFF               A0
        SMALLCONST       000800-005B05              100

                                  Symbol Table

?___awdiv                  cstackCOMRAM 000001
?___wmul                   cstackCOMRAM 000009
?_strlen                   cstackCOMRAM 000001
I2C_Init_Master@sp_i2c     cstackCOMRAM 000001
I2C_Write@data             cstackCOMRAM 000001
OLED_DrawPixel@color       cstackCOMRAM 00000D
OLED_DrawPixel@x           cstackCOMRAM 000009
OLED_DrawPixel@y           cstackCOMRAM 00000B
OLED_SetFont@font          cstackCOMRAM 000001
OLED_Update@i              cstackCOMRAM 000004
OLED_Update@x              cstackCOMRAM 000003
OLED_Write@b               cstackCOMRAM 00002D
OLED_Write@cbit            cstackCOMRAM 000021
OLED_Write@cbyte           cstackCOMRAM 00001F
OLED_Write@cnt             cstackCOMRAM 00002B
OLED_Write@cx              cstackCOMRAM 000025
OLED_Write@cy              cstackCOMRAM 000027
OLED_Write@font_idx        cstackCOMRAM 000023
OLED_Write@rowcnt          cstackCOMRAM 000029
OLED_Write@temp            cstackCOMRAM 00001D
OLED_Write@value           cstackCOMRAM 000017
OLED_Write@x               cstackCOMRAM 000013
OLED_Write@y               cstackCOMRAM 000015
OLED_Write_Text@cnt        cstackCOMRAM 000036
OLED_Write_Text@length     cstackCOMRAM 000037
OLED_Write_Text@text       cstackCOMRAM 000032
OLED_Write_Text@x          cstackCOMRAM 00002E
OLED_Write_Text@y          cstackCOMRAM 000030
_ADCON1bits                (abs)        000FC1
_FONT_1                    mediumconst  007D95
_FONT_2                    mediumconst  0077A1
_FONT_3                    mediumconst  006BBD
_I2C_Init_Master           text18       005C26
_I2C_Start                 text15       005B0E
_I2C_Stop                  text14       005B22
_I2C_Write                 text13       005B36
_OLED_ClearDisplay         text16       005B50
_OLED_DrawPixel            text5        006230
_OLED_Init                 text10       005D60
_OLED_SetFont              text9        005C68
_OLED_Update               text11       005CD2
_OLED_Write                text3        0063F0
_OLED_Write$1101           cstackCOMRAM 00001B
_OLED_Write_Text           text1        005EE2
_PIR1bits                  (abs)        000F9E
_SSPADD                    (abs)        000FC8
_SSPBUF                    (abs)        000FC9
_SSPCON1                   (abs)        000FC6
_SSPCON2                   (abs)        000FC5
_SSPCON2bits               (abs)        000FC5
_SSPSTAT                   (abs)        000FC7
_TRISBbits                 (abs)        000F93
__HRAM                     (abs)        000000
__H__absolute__            __absolute__ 000000
__Habs1                    abs1         000000
__Hbank0                   bank0        000000
__Hbank1                   bank1        000000
__Hbank2                   bank2        000000
__Hbank3                   bank3        000000
__Hbank4                   bank4        000000
__Hbank5                   bank5        000000
__Hbank6                   bank6        000000
__Hbank7                   bank7        000000
__Hbigbss                  bigbss       000000
__Hbigdata                 bigdata      000000
__Hbigram                  bigram       000000
__Hbigsfr                  bigsfr       000000
__Hbss                     bss          000000
__HbssCOMRAM               bssCOMRAM    000000
__Hcinit                   cinit        000000
__Hclrtext                 clrtext      000000
__Hcomram                  comram       000000
__Hconfig                  config       30000E
__Hconst                   const        000000
__HcstackCOMRAM            cstackCOMRAM 000000
__Hdata                    data         000000
__HdataBIGRAM              dataBIGRAM   000000
__Heeprom_data             eeprom_data  000000
__Hfarbss                  farbss       000000
__Hfardata                 fardata      000000
__Hheap                    heap         000000
__Hibigdata                ibigdata     000000
__Hidata                   idata        000000
__HidataBIGRAM             idataBIGRAM  000000
__Hidloc                   idloc        200008
__Hifardata                ifardata     000000
__Hinit                    init         000004
__Hintcode                 intcode      000000
__Hintcode_body            intcode_body 000000
__Hintcodelo               intcodelo    000000
__Hintentry                intentry     000000
__Hintret                  intret       000000
__Hintsave_regs            intsave_regs 000000
__Hirdata                  irdata       000000
__Hmediumconst             mediumconst  008000
__HnvFARRAM                nvFARRAM     000000
__Hnvbit                   nvbit        000000
__Hnvrram                  nvrram       000000
__Hparam                   rparam       000000
__Hpowerup                 powerup      000000
__Hram                     ram          000000
__Hramtop                  ramtop       000800
__Hrbit                    rbit         000000
__Hrbss                    rbss         000000
__Hrdata                   rdata        000000
__Hreset_vec               reset_vec    000000
__Hrparam                  rparam       000000
__Hsfr                     sfr          000000
__Hsmallconst              smallconst   000000
__Hspace_0                 (abs)        008000
__Hspace_1                 (abs)        000800
__Hspace_2                 (abs)        000000
__Hspace_4                 (abs)        60000E
__Hstack                   stack        000000
__Hstruct                  struct       000000
__Htemp                    temp         000000
__Htext                    text         000000
__Htext0                   text0        000000
__Htext1                   text1        000000
__Htext10                  text10       000000
__Htext11                  text11       000000
__Htext12                  text12       000000
__Htext13                  text13       000000
__Htext14                  text14       000000
__Htext15                  text15       000000
__Htext16                  text16       000000
__Htext17                  text17       000000
__Htext18                  text18       000000
__Htext2                   text2        000000
__Htext3                   text3        000000
__Htext4                   text4        000000
__Htext5                   text5        000000
__Htext6                   text6        000000
__Htext7                   text7        000000
__Htext8                   text8        000000
__Htext9                   text9        000000
__LRAM                     (abs)        000001
__L__absolute__            __absolute__ 000000
__Labs1                    abs1         000000
__Lbank0                   bank0        000000
__Lbank1                   bank1        000000
__Lbank2                   bank2        000000
__Lbank3                   bank3        000000
__Lbank4                   bank4        000000
__Lbank5                   bank5        000000
__Lbank6                   bank6        000000
__Lbank7                   bank7        000000
__Lbigbss                  bigbss       000000
__Lbigdata                 bigdata      000000
__Lbigram                  bigram       000000
__Lbigsfr                  bigsfr       000000
__Lbss                     bss          000000
__LbssCOMRAM               bssCOMRAM    000000
__Lcinit                   cinit        000000
__Lclrtext                 clrtext      000000
__Lcomram                  comram       000000
__Lconfig                  config       000000
__Lconst                   const        000000
__LcstackCOMRAM            cstackCOMRAM 000000
__Ldata                    data         000000
__LdataBIGRAM              dataBIGRAM   000000
__Leeprom_data             eeprom_data  000000
__Lfarbss                  farbss       000000
__Lfardata                 fardata      000000
__Lheap                    heap         000000
__Libigdata                ibigdata     000000
__Lidata                   idata        000000
__LidataBIGRAM             idataBIGRAM  000000
__Lidloc                   idloc        000000
__Lifardata                ifardata     000000
__Linit                    init         000000
__Lintcode                 intcode      000000
__Lintcode_body            intcode_body 000000
__Lintcodelo               intcodelo    000000
__Lintentry                intentry     000000
__Lintret                  intret       000000
__Lintsave_regs            intsave_regs 000000
__Lirdata                  irdata       000000
__Lmediumconst             mediumconst  006BBC
__LnvFARRAM                nvFARRAM     000000
__Lnvbit                   nvbit        000000
__Lnvrram                  nvrram       000000
__Lparam                   rparam       000000
__Lpowerup                 powerup      000000
__Lram                     ram          000000
__Lramtop                  ramtop       000800
__Lrbit                    rbit         000000
__Lrbss                    rbss         000000
__Lrdata                   rdata        000000
__Lreset_vec               reset_vec    000000
__Lrparam                  rparam       000000
__Lsfr                     sfr          000000
__Lsmallconst              smallconst   000000
__Lspace_0                 (abs)        000000
__Lspace_1                 (abs)        000000
__Lspace_2                 (abs)        000000
__Lspace_4                 (abs)        000000
__Lstack                   stack        000000
__Lstruct                  struct       000000
__Ltemp                    temp         000000
__Ltext                    text         000000
__Ltext0                   text0        000000
__Ltext1                   text1        000000
__Ltext10                  text10       000000
__Ltext11                  text11       000000
__Ltext12                  text12       000000
__Ltext13                  text13       000000
__Ltext14                  text14       000000
__Ltext15                  text15       000000
__Ltext16                  text16       000000
__Ltext17                  text17       000000
__Ltext18                  text18       000000
__Ltext2                   text2        000000
__Ltext3                   text3        000000
__Ltext4                   text4        000000
__Ltext5                   text5        000000
__Ltext6                   text6        000000
__Ltext7                   text7        000000
__Ltext8                   text8        000000
__Ltext9                   text9        000000
__S0                       (abs)        008000
__S1                       (abs)        000800
__S4                       (abs)        000000
__S5                       (abs)        000000
___awdiv                   text8        005E1E
___awdiv@counter           cstackCOMRAM 000005
___awdiv@dividend          cstackCOMRAM 000001
___awdiv@divisor           cstackCOMRAM 000003
___awdiv@quotient          cstackCOMRAM 000007
___awdiv@sign              cstackCOMRAM 000006
___heap_hi                 (abs)        000000
___heap_lo                 (abs)        000000
___inthi_sp                stack        000000
___intlo_sp                stack        000000
___param_bank              (abs)        000000
___rparam_used             (abs)        000001
___sp                      stack        000000
___wmul                    text4        005B8C
___wmul@multiplicand       cstackCOMRAM 00000B
___wmul@multiplier         cstackCOMRAM 000009
___wmul@product            cstackCOMRAM 00000D
__accesstop                (abs)        000060
__activetblptr             (abs)        000002
__end_of_FONT_1            mediumconst  007FDA
__end_of_FONT_2            mediumconst  007D95
__end_of_FONT_3            mediumconst  0077A1
__end_of_I2C_Init_Master   text18       005C68
__end_of_I2C_Start         text15       005B22
__end_of_I2C_Stop          text14       005B36
__end_of_I2C_Write         text13       005B50
__end_of_OLED_ClearDisplay text16       005B6E
__end_of_OLED_DrawPixel    text5        0063F0
__end_of_OLED_Init         text10       005E1E
__end_of_OLED_SetFont      text9        005CD2
__end_of_OLED_Update       text11       005D60
__end_of_OLED_Write        text3        0067BC
__end_of_OLED_Write_Text   text1        005FB8
__end_of___awdiv           text8        005EE2
__end_of___wmul            text4        005BB2
__end_of__initialization   cinit        005C1C
__end_of_height            text7        005B0A
__end_of_main              text0        0060BA
__end_of_memset            text17       006230
__end_of_ssd1306_command   text12       005B8C
__end_of_strlen            text2        005BEC
__end_of_width             text6        005B0E
__initialization           cinit        005BEC
__mediumconst              mediumconst  006BBC
__pbssCOMRAM               bssCOMRAM    00003A
__pcinit                   cinit        005BEC
__pcstackCOMRAM            cstackCOMRAM 000001
__pdataBIGRAM              dataBIGRAM   000400
__pidataBIGRAM             idataBIGRAM  0067BC
__pmediumconst             mediumconst  006BBC
__ptext0                   text0        005FB8
__ptext1                   text1        005EE2
__ptext10                  text10       005D60
__ptext11                  text11       005CD2
__ptext12                  text12       005B6E
__ptext13                  text13       005B36
__ptext14                  text14       005B22
__ptext15                  text15       005B0E
__ptext16                  text16       005B50
__ptext17                  text17       0060BA
__ptext18                  text18       005C26
__ptext2                   text2        005BB2
__ptext3                   text3        0063F0
__ptext4                   text4        005B8C
__ptext5                   text5        006230
__ptext6                   text6        005B0A
__ptext7                   text7        005B06
__ptext8                   text8        005E1E
__ptext9                   text9        005C68
__ramtop                   ramtop       000800
__smallconst               smallconst   000000
_buffer                    dataBIGRAM   000400
_cfont                     bssCOMRAM    00003A
_height                    text7        005B06
_main                      text0        005FB8
_memset                    text17       0060BA
_ssd1306_command           text12       005B6E
_strlen                    text2        005BB2
_width                     text6        005B0A
end_of_initialization      cinit        005C1C
intlevel0                  text         000000
intlevel1                  text         000000
intlevel2                  text         000000
intlevel3                  text         000000
isa$std                    (abs)        000001
isa$xinst                  (abs)        000000
memset@c                   cstackCOMRAM 000003
memset@dest                cstackCOMRAM 000001
memset@k                   cstackCOMRAM 000009
memset@n                   cstackCOMRAM 000005
memset@s                   cstackCOMRAM 00000B
ssd1306_command@command    cstackCOMRAM 000002
stackhi                    (abs)        000000
stacklo                    (abs)        000000
start                      init         000000
start_initialization       cinit        005BEC
strlen@a                   cstackCOMRAM 000003
strlen@s                   cstackCOMRAM 000001


MODULE INFORMATION

Module		Function		Class		Link	Load	Size
ssd1306_oled.c
		_OLED_Update   		CODE           	5CD2	0000	142
		_OLED_Write    		CODE           	63F0	0000	972
		_ssd1306_command		CODE           	5B6E	0000	30
		_OLED_ClearDisplay		CODE           	5B50	0000	30
		_OLED_Init     		CODE           	5D60	0000	190
		_height        		CODE           	5B06	0000	4
		_OLED_Write_Text		CODE           	5EE2	0000	214
		_width         		CODE           	5B0A	0000	4
		_OLED_DrawPixel		CODE           	6230	0000	448
		_OLED_SetFont  		CODE           	5C68	0000	106

ssd1306_oled.c estimated size: 2140

C:\Program Files\Microchip\xc8\v2.41\pic\sources\c99\common\strlen.c
		_strlen        		CODE           	5BB2	0000	58

C:\Program Files\Microchip\xc8\v2.41\pic\sources\c99\common\strlen.c estimated size: 58

i2c.c
		_I2C_Init_Master		CODE           	5C26	0000	66
		_I2C_Write     		CODE           	5B36	0000	26
		_I2C_Stop      		CODE           	5B22	0000	20
		_I2C_Start     		CODE           	5B0E	0000	20

i2c.c estimated size: 132

C:\Program Files\Microchip\xc8\v2.41\pic\sources\c99\common\memset.c
		_memset        		CODE           	60BA	0000	374

C:\Program Files\Microchip\xc8\v2.41\pic\sources\c99\common\memset.c estimated size: 374

C:\Program Files\Microchip\xc8\v2.41\pic\sources\c99\common\awdiv.c
		___awdiv       		CODE           	5E1E	0000	196

C:\Program Files\Microchip\xc8\v2.41\pic\sources\c99\common\awdiv.c estimated size: 196

shared
		_FONT_1        		MEDIUMCONST    	7D95	0000	581
		__initialization		CODE           	5BEC	0000	48
		_FONT_2        		MEDIUMCONST    	77A1	0000	1524
		_FONT_3        		MEDIUMCONST    	6BBD	0000	3044

shared estimated size: 5197

C:\Program Files\Microchip\xc8\v2.41\pic\sources\c99\common\Umul16.c
		___wmul        		CODE           	5B8C	0000	38

C:\Program Files\Microchip\xc8\v2.41\pic\sources\c99\common\Umul16.c estimated size: 38

OLED_45550.c
		_main          		CODE           	5FB8	0000	258

OLED_45550.c estimated size: 258

