Microchip MPLAB XC8 Compiler V2.36

Linker command line:

-W-3 --edf=C:\Program Files\Microchip\xc8\v2.36\pic\dat\en_msgs.txt -cn \
  -h+dist/default/production\Eval_AD7177.X.production.sym \
  --cmf=dist/default/production\Eval_AD7177.X.production.cmf -z -Q18F258 \
  -oC:\Users\ricar\AppData\Local\Temp\xcAsd78.4 --defsym=__MPLAB_BUILD=1 \
  -Mdist/default/production/Eval_AD7177.X.production.map \
  --md=C:\Users\ricar\AppData\Local\Temp\xcAsd78.dat -E1 -ver=XC8 Compiler \
  --acfsm=1493 -ACODE=00h-03FFFhx2 -ACONST=00h-07FFFh \
  -ASMALLCONST=0600h-06FFhx122 -AMEDIUMCONST=0600h-07FFFh -ACOMRAM=01h-05Fh \
  -AABS1=00h-05FFh -ABIGRAM=01h-05FFh -ARAM=060h-0FFh,0100h-01FFhx5 \
  -ABANK0=060h-0FFh -ABANK1=0100h-01FFh -ABANK2=0200h-02FFh \
  -ABANK3=0300h-03FFh -ABANK4=0400h-04FFh -ABANK5=0500h-05FFh \
  -ASFR=0F00h-0F5Fh,0F60h-0FFFh -ABIGSFR=0F00h-0FFFh \
  -ACONFIG=0300000h-030000Dh -AIDLOC=0200000h-0200007h \
  -AEEDATA=0F00000h-0F000FFh -peeprom_data=EEDATA \
  -preset_vec=00h,intcode=08h,intcodelo,powerup,init -pramtop=0600h \
  -psmallconst=SMALLCONST -pmediumconst=MEDIUMCONST -pconst=CONST \
  -AFARRAM=00h-00h \
  -prdata=COMRAM,nvrram=COMRAM,nvbit=COMRAM,rbss=COMRAM,rbit=COMRAM \
  -pfarbss=FARRAM,fardata=FARRAM,nvFARRAM=FARRAM \
  -pintsave_regs=BIGRAM,bigbss=BIGRAM,bigdata=BIGRAM -pbss=RAM \
  -pidata=CODE,irdata=CODE,ibigdata=CODE,ifardata=CODE -prparam=COMRAM \
  C:\Users\ricar\AppData\Local\Temp\xcAsd78.o \
  dist/default/production\Eval_AD7177.X.production.o 

Object code version is 3.11

Machine type is 18F258



                Name                               Link     Load   Length Selector   Space Scale
C:\Users\ricar\AppData\Local\Temp\xcAsd78.o
                idloc                            200000   200000        8        0       5
                config                           300000   300000        E        0       4
                text                                BD2      BD2        2      5D9       0
                init                                648      648        4        4       0
                reset_vec                             0        0        6        0       0
dist/default/production\Eval_AD7177.X.production.o
                intcode                               8        8      640        4       0
                idloc                            200000   200000        8        0       5
                config                           300000   300000        E        0       4
                temp                                 25       25        1        1       1
                smallconst                          64C      64C       1C      326       0
                text22                              9EE      9EE       3C      334       0
                text21                              ACC      ACC       24      334       0
                text20                              B8A      B8A       1A      334       0
                text19                              B12      B12       22      334       0
                text18                              A58      A58       2A      334       0
                text17                              846      846       86      334       0
                text16                              76E      76E       D8      334       0
                text15                              668      668      106      334       0
                text14                              9AE      9AE       40      334       0
                text13                              AF0      AF0       22      334       0
                text12                              968      968       46      334       0
                text11                              A82      A82       26      334       0
                text10                              8CC      8CC       54      334       0
                text9                               B52      B52       1E      334       0
                text8                               AA8      AA8       24      334       0
                text6                               BCA      BCA        8      5D9       0
                text5                               BC2      BC2        8      5D9       0
                text4                               B70      B70       1A      334       0
                text3                               B34      B34       1E      334       0
                text2                               BBA      BBA        8      5D9       0
                text1                               BB2      BB2        8      5D9       0
                text0                               920      920       48      334       0
                cstackCOMRAM                          1        1       17        1       1
                dataCOMRAM                           18       18        D        1       1
                cinit                               A2A      A2A       2E      334       0
                idataCOMRAM                         BA4      BA4        D      334       0

TOTAL           Name                               Link     Load   Length     Space
        CLASS   CODE           
                intcode                               8        8      640         0
                text                                BD2      BD2        2         0
                init                                648      648        4         0
                reset_vec                             0        0        6         0
                text22                              9EE      9EE       3C         0
                text21                              ACC      ACC       24         0
                text20                              B8A      B8A       1A         0
                text19                              B12      B12       22         0
                text18                              A58      A58       2A         0
                text17                              846      846       86         0
                text16                              76E      76E       D8         0
                text15                              668      668      106         0
                text14                              9AE      9AE       40         0
                text13                              AF0      AF0       22         0
                text12                              968      968       46         0
                text11                              A82      A82       26         0
                text10                              8CC      8CC       54         0
                text9                               B52      B52       1E         0
                text8                               AA8      AA8       24         0
                text6                               BCA      BCA        8         0
                text5                               BC2      BC2        8         0
                text4                               B70      B70       1A         0
                text3                               B34      B34       1E         0
                text2                               BBA      BBA        8         0
                text1                               BB2      BB2        8         0
                text0                               920      920       48         0
                cinit                               A2A      A2A       2E         0
                idataCOMRAM                         BA4      BA4        D         0

        CLASS   CONST          

        CLASS   SMALLCONST     
                smallconst                          64C      64C       1C         0

        CLASS   MEDIUMCONST    

        CLASS   COMRAM         
                temp                                 25       25        1         1
                cstackCOMRAM                          1        1       17         1
                dataCOMRAM                           18       18        D         1

        CLASS   ABS1           

        CLASS   BIGRAM         

        CLASS   RAM            

        CLASS   BANK0          

        CLASS   BANK1          

        CLASS   BANK2          

        CLASS   BANK3          

        CLASS   BANK4          

        CLASS   BANK5          

        CLASS   SFR            

        CLASS   BIGSFR         

        CLASS   CONFIG         
                config                           300000   300000        E         4

        CLASS   IDLOC          
                idloc                            200000   200000        8         5

        CLASS   EEDATA         

        CLASS   FARRAM         

        CLASS   HEAP           

        CLASS   STACK          



SEGMENTS        Name                           Load    Length   Top    Selector   Space  Class

                reset_vec                      000000  000006  000006         0       0  CODE    
                cstackCOMRAM                   000001  000025  000026         1       1  COMRAM  
                intcode                        000008  000644  00064C         4       0  CODE    
                smallconst                     00064C  00001C  000668       326       0  SMALLCON
                text15                         000668  000549  000BB1       334       0  CODE    
                text1                          000BB2  000022  000BD4       5D9       0  CODE    


UNUSED ADDRESS RANGES

        Name                Unused          Largest block    Delta
        BANK0            000060-0000FF               A0
        BANK1            000100-0001FF              100
        BANK2            000200-0002FF              100
        BANK3            000300-0003FF              100
        BANK4            000400-0004FF              100
        BANK5            000500-0005FF              100
        BIGRAM           000026-0005FF              5DA
        BIGSFR           000F00-000FFF              100
        CODE             000006-000007                2
                         000BB1-000BB1                1
                         000BD4-007FFF             342C
        COMRAM           000026-00005F               3A
        CONST            000006-000007                2
                         000BB1-000BB1                1
                         000BD4-007FFF             742C
        EEDATA           F00000-F000FF              100
        MEDIUMCONST      000BB1-000BB1                1
                         000BD4-007FFF             742C
        RAM              000060-0005FF              100
        SFR              000F00-000FFF               60
        SMALLCONST       000BB1-000BB1                1
                         000BD4-007FFF              100

                                  Symbol Table

Interrups@ID                                                      cstackCOMRAM 000017
Interrups@conta                                                   cstackCOMRAM 000015
Interrups@conta_10                                                cstackCOMRAM 000016
Interrups@interval                                                cstackCOMRAM 000014
Interrups@samples                                                 cstackCOMRAM 000013
Interval_sleep@i                                                  cstackCOMRAM 000003
Interval_sleep@times                                              cstackCOMRAM 000002
ReadByte_USART@Ready                                              cstackCOMRAM 000002
ReadByte_USART@conta                                              cstackCOMRAM 000001
ReadRegister_1bytesAD7177@command                                 cstackCOMRAM 000002
ReadRegister_2bytesAD7177@command                                 cstackCOMRAM 000002
ReadRegister_3bytesAD7177@command                                 cstackCOMRAM 000002
ReceiveCMD_USART@conta_byte                                       cstackCOMRAM 000003
ReceiveCMD_USART@data_byte                                        cstackCOMRAM 000004
ReceiveDAT_USART@conta_byte                                       cstackCOMRAM 000004
ReceiveDAT_USART@data_byte                                        cstackCOMRAM 000003
ResetAD7177@conta                                                 cstackCOMRAM 000003
TransferByte_SPI@data                                             cstackCOMRAM 000001
TransmitCMD_USART@CMD_ID                                          cstackCOMRAM 000004
TransmitDAT_USART@DAT_ID                                          cstackCOMRAM 000004
TransmitDAT_USART@conta                                           cstackCOMRAM 000005
WriteByte_USART@byte                                              cstackCOMRAM 000001
WriteRegister_2bytesAD7177@BYTE_HIGH                              cstackCOMRAM 000002
WriteRegister_2bytesAD7177@BYTE_LOW                               cstackCOMRAM 000003
WriteRegister_2bytesAD7177@command                                cstackCOMRAM 000004
WriteRegister_3bytesAD7177@BYTE_HIGH                              cstackCOMRAM 000002
WriteRegister_3bytesAD7177@BYTE_LOW                               cstackCOMRAM 000004
WriteRegister_3bytesAD7177@BYTE_MEDIUM                            cstackCOMRAM 000003
WriteRegister_3bytesAD7177@command                                cstackCOMRAM 000005
_ADCON1bits                                                       (abs)        000FC1
_BufferDAT                                                        dataCOMRAM   000018
_ClosePort_SPI                                                    text6        000BCA
_CloseSerialPort                                                  text5        000BC2
_ConfigPort_SPI                                                   text4        000B70
_ConfigSerialPort                                                 text3        000B34
_INTCON                                                           (abs)        000FF2
_INTCONbits                                                       (abs)        000FF2
_Interrups                                                        intcode      000008
_Interval_sleep                                                   text22       0009EE
_LATA                                                             (abs)        000F89
_LATB                                                             (abs)        000F8A
_LATC                                                             (abs)        000F8B
_LATCbits                                                         (abs)        000F8B
_OpenPort_SPI                                                     text2        000BBA
_OpenSerialPort                                                   text1        000BB2
_PIE1bits                                                         (abs)        000F9D
_PIR1bits                                                         (abs)        000F9E
_PORTB                                                            (abs)        000F81
_PORTCbits                                                        (abs)        000F82
_PR2                                                              (abs)        000FCB
_RCONbits                                                         (abs)        000FD0
_RCREG                                                            (abs)        000FAE
_RCSTA                                                            (abs)        000FAB
_RCSTAbits                                                        (abs)        000FAB
_ReadByte_USART                                                   text17       000846
_ReadRegister_1bytesAD7177                                        text20       000B8A
_ReadRegister_2bytesAD7177                                        text19       000B12
_ReadRegister_3bytesAD7177                                        text18       000A58
_ReceiveCMD_USART                                                 text16       00076E
_ReceiveDAT_USART                                                 text15       000668
_ResetAD7177                                                      text14       0009AE
_SPBRG                                                            (abs)        000FAF
_SSPBUF                                                           (abs)        000FC9
_SSPCON1bits                                                      (abs)        000FC6
_SSPSTAT                                                          (abs)        000FC7
_SSPSTATbits                                                      (abs)        000FC7
_T2CON                                                            (abs)        000FCA
_T2CONbits                                                        (abs)        000FCA
_TMR2                                                             (abs)        000FCC
_TRISA                                                            (abs)        000F92
_TRISB                                                            (abs)        000F93
_TRISC                                                            (abs)        000F94
_TRISCbits                                                        (abs)        000F94
_TXREG                                                            (abs)        000FAD
_TXSTA                                                            (abs)        000FAC
_TXSTAbits                                                        (abs)        000FAC
_TransferByte_SPI                                                 text21       000ACC
_TransmitCMD_USART                                                text11       000A82
_TransmitDAT_USART                                                text10       0008CC
_WriteByte_USART                                                  text13       000AF0
_WriteRegister_2bytesAD7177                                       text9        000B52
_WriteRegister_3bytesAD7177                                       text8        000AA8
__HRAM                                                            (abs)        000000
__Habs1                                                           abs1         000000
__Hbank0                                                          bank0        000000
__Hbank1                                                          bank1        000000
__Hbank2                                                          bank2        000000
__Hbank3                                                          bank3        000000
__Hbank4                                                          bank4        000000
__Hbank5                                                          bank5        000000
__Hbigbss                                                         bigbss       000000
__Hbigdata                                                        bigdata      000000
__Hbigram                                                         bigram       000000
__Hbigsfr                                                         bigsfr       000000
__Hbss                                                            bss          000000
__Hcinit                                                          cinit        000000
__Hclrtext                                                        clrtext      000000
__Hcomram                                                         comram       000000
__Hconfig                                                         config       30000E
__Hconst                                                          const        000000
__HcstackCOMRAM                                                   cstackCOMRAM 000000
__Hdata                                                           data         000000
__HdataCOMRAM                                                     dataCOMRAM   000000
__Heeprom_data                                                    eeprom_data  000000
__Hfarbss                                                         farbss       000000
__Hfardata                                                        fardata      000000
__Hheap                                                           heap         000000
__Hibigdata                                                       ibigdata     000000
__Hidata                                                          idata        000000
__HidataCOMRAM                                                    idataCOMRAM  000000
__Hidloc                                                          idloc        200008
__Hifardata                                                       ifardata     000000
__Hinit                                                           init         00064C
__Hintcode                                                        intcode      000648
__Hintcode_body                                                   intcode_body 000000
__Hintcodelo                                                      intcodelo    000648
__Hintentry                                                       intentry     000000
__Hintret                                                         intret       000000
__Hintsave_regs                                                   intsave_regs 000000
__Hirdata                                                         irdata       000000
__Hmediumconst                                                    mediumconst  000000
__HnvFARRAM                                                       nvFARRAM     000000
__Hnvbit                                                          nvbit        000000
__Hnvrram                                                         nvrram       000000
__Hparam                                                          rparam       000000
__Hpowerup                                                        powerup      000648
__Hram                                                            ram          000000
__Hramtop                                                         ramtop       000600
__Hrbit                                                           rbit         000000
__Hrbss                                                           rbss         000000
__Hrdata                                                          rdata        000000
__Hreset_vec                                                      reset_vec    000006
__Hrparam                                                         rparam       000000
__Hsfr                                                            sfr          000000
__Hsmallconst                                                     smallconst   000668
__Hspace_0                                                        (abs)        000BD4
__Hspace_1                                                        (abs)        000026
__Hspace_2                                                        (abs)        000000
__Hspace_4                                                        (abs)        60000E
__Hstack                                                          stack        000000
__Hstruct                                                         struct       000000
__Htemp                                                           temp         000026
__Htext                                                           text         000000
__Htext0                                                          text0        000000
__Htext1                                                          text1        000000
__Htext10                                                         text10       000000
__Htext11                                                         text11       000000
__Htext12                                                         text12       000000
__Htext13                                                         text13       000000
__Htext14                                                         text14       000000
__Htext15                                                         text15       000000
__Htext16                                                         text16       000000
__Htext17                                                         text17       000000
__Htext18                                                         text18       000000
__Htext19                                                         text19       000000
__Htext2                                                          text2        000000
__Htext20                                                         text20       000000
__Htext21                                                         text21       000000
__Htext22                                                         text22       000000
__Htext3                                                          text3        000000
__Htext4                                                          text4        000000
__Htext5                                                          text5        000000
__Htext6                                                          text6        000000
__Htext8                                                          text8        000000
__Htext9                                                          text9        000000
__LRAM                                                            (abs)        000001
__Labs1                                                           abs1         000000
__Lbank0                                                          bank0        000000
__Lbank1                                                          bank1        000000
__Lbank2                                                          bank2        000000
__Lbank3                                                          bank3        000000
__Lbank4                                                          bank4        000000
__Lbank5                                                          bank5        000000
__Lbigbss                                                         bigbss       000000
__Lbigdata                                                        bigdata      000000
__Lbigram                                                         bigram       000000
__Lbigsfr                                                         bigsfr       000000
__Lbss                                                            bss          000000
__Lcinit                                                          cinit        000000
__Lclrtext                                                        clrtext      000000
__Lcomram                                                         comram       000000
__Lconfig                                                         config       000000
__Lconst                                                          const        000000
__LcstackCOMRAM                                                   cstackCOMRAM 000000
__Ldata                                                           data         000000
__LdataCOMRAM                                                     dataCOMRAM   000000
__Leeprom_data                                                    eeprom_data  000000
__Lfarbss                                                         farbss       000000
__Lfardata                                                        fardata      000000
__Lheap                                                           heap         000000
__Libigdata                                                       ibigdata     000000
__Lidata                                                          idata        000000
__LidataCOMRAM                                                    idataCOMRAM  000000
__Lidloc                                                          idloc        000000
__Lifardata                                                       ifardata     000000
__Linit                                                           init         000648
__Lintcode                                                        intcode      000008
__Lintcode_body                                                   intcode_body 000000
__Lintcodelo                                                      intcodelo    000648
__Lintentry                                                       intentry     000000
__Lintret                                                         intret       000000
__Lintsave_regs                                                   intsave_regs 000000
__Lirdata                                                         irdata       000000
__Lmediumconst                                                    mediumconst  000000
__LnvFARRAM                                                       nvFARRAM     000000
__Lnvbit                                                          nvbit        000000
__Lnvrram                                                         nvrram       000000
__Lparam                                                          rparam       000000
__Lpowerup                                                        powerup      000648
__Lram                                                            ram          000000
__Lramtop                                                         ramtop       000600
__Lrbit                                                           rbit         000000
__Lrbss                                                           rbss         000000
__Lrdata                                                          rdata        000000
__Lreset_vec                                                      reset_vec    000000
__Lrparam                                                         rparam       000000
__Lsfr                                                            sfr          000000
__Lsmallconst                                                     smallconst   00064C
__Lspace_0                                                        (abs)        000000
__Lspace_1                                                        (abs)        000000
__Lspace_2                                                        (abs)        000000
__Lspace_4                                                        (abs)        000000
__Lstack                                                          stack        000000
__Lstruct                                                         struct       000000
__Ltemp                                                           temp         000025
__Ltext                                                           text         000000
__Ltext0                                                          text0        000000
__Ltext1                                                          text1        000000
__Ltext10                                                         text10       000000
__Ltext11                                                         text11       000000
__Ltext12                                                         text12       000000
__Ltext13                                                         text13       000000
__Ltext14                                                         text14       000000
__Ltext15                                                         text15       000000
__Ltext16                                                         text16       000000
__Ltext17                                                         text17       000000
__Ltext18                                                         text18       000000
__Ltext19                                                         text19       000000
__Ltext2                                                          text2        000000
__Ltext20                                                         text20       000000
__Ltext21                                                         text21       000000
__Ltext22                                                         text22       000000
__Ltext3                                                          text3        000000
__Ltext4                                                          text4        000000
__Ltext5                                                          text5        000000
__Ltext6                                                          text6        000000
__Ltext8                                                          text8        000000
__Ltext9                                                          text9        000000
__S0                                                              (abs)        000BD4
__S1                                                              (abs)        000026
__S4                                                              (abs)        000000
__S5                                                              (abs)        000000
___heap_hi                                                        (abs)        000000
___heap_lo                                                        (abs)        000000
___inthi_sp                                                       stack        000000
___intlo_sp                                                       stack        000000
___param_bank                                                     (abs)        000000
___rparam_used                                                    (abs)        000001
___sp                                                             stack        000000
__accesstop                                                       (abs)        000060
__activetblptr                                                    (abs)        000002
__cntErrataNOP_C:\Users\ricar\AppData\Local\Temp\xcAsd78.o        (abs)        000001
__cntErrataNOP_dist/default/production\Eval_AD7177.X.production.o (abs)        0000B3
__end_of_ClosePort_SPI                                            text6        000BD2
__end_of_CloseSerialPort                                          text5        000BCA
__end_of_ConfigPort_SPI                                           text4        000B8A
__end_of_ConfigSerialPort                                         text3        000B52
__end_of_Interrups                                                intcode      000648
__end_of_Interval_sleep                                           text22       000A2A
__end_of_OpenPort_SPI                                             text2        000BC2
__end_of_OpenSerialPort                                           text1        000BBA
__end_of_ReadByte_USART                                           text17       0008CC
__end_of_ReadRegister_1bytesAD7177                                text20       000BA4
__end_of_ReadRegister_2bytesAD7177                                text19       000B34
__end_of_ReadRegister_3bytesAD7177                                text18       000A82
__end_of_ReceiveCMD_USART                                         text16       000846
__end_of_ReceiveDAT_USART                                         text15       00076E
__end_of_ResetAD7177                                              text14       0009EE
__end_of_TransferByte_SPI                                         text21       000AF0
__end_of_TransmitCMD_USART                                        text11       000AA8
__end_of_TransmitDAT_USART                                        text10       000920
__end_of_WriteByte_USART                                          text13       000B12
__end_of_WriteRegister_2bytesAD7177                               text9        000B70
__end_of_WriteRegister_3bytesAD7177                               text8        000ACC
__end_of__initialization                                          cinit        000A4A
__end_of_main                                                     text0        000968
__end_of_print_string                                             text12       0009AE
__initialization                                                  cinit        000A2A
__mediumconst                                                     mediumconst  000000
__pcinit                                                          cinit        000A2A
__pcstackCOMRAM                                                   cstackCOMRAM 000001
__pdataCOMRAM                                                     dataCOMRAM   000018
__pidataCOMRAM                                                    idataCOMRAM  000BA4
__pintcode                                                        intcode      000008
__psmallconst                                                     smallconst   00064C
__ptext0                                                          text0        000920
__ptext1                                                          text1        000BB2
__ptext10                                                         text10       0008CC
__ptext11                                                         text11       000A82
__ptext12                                                         text12       000968
__ptext13                                                         text13       000AF0
__ptext14                                                         text14       0009AE
__ptext15                                                         text15       000668
__ptext16                                                         text16       00076E
__ptext17                                                         text17       000846
__ptext18                                                         text18       000A58
__ptext19                                                         text19       000B12
__ptext2                                                          text2        000BBA
__ptext20                                                         text20       000B8A
__ptext21                                                         text21       000ACC
__ptext22                                                         text22       0009EE
__ptext3                                                          text3        000B34
__ptext4                                                          text4        000B70
__ptext5                                                          text5        000BC2
__ptext6                                                          text6        000BCA
__ptext8                                                          text8        000AA8
__ptext9                                                          text9        000B52
__ramtop                                                          ramtop       000600
__smallconst                                                      smallconst   00064C
_main                                                             text0        000920
_print_string                                                     text12       000968
btemp                                                             temp         000025
end_of_initialization                                             cinit        000A4A
int$flags                                                         temp         000025
intlevel0                                                         text         000BD2
intlevel1                                                         text         000BD2
intlevel2                                                         text         000BD2
intlevel3                                                         text         000BD2
isa$std                                                           (abs)        000001
isa$xinst                                                         (abs)        000000
print_string@str                                                  cstackCOMRAM 000002
stackhi                                                           (abs)        000000
stacklo                                                           (abs)        000000
start                                                             init         000648
start_initialization                                              cinit        000A2A
ttemp5                                                            temp         000026
ttemp6                                                            temp         000029
ttemp7                                                            temp         00002D
wtemp8                                                            temp         000026


MODULE INFORMATION

Module		Function		Class		Link	Load	Size
LIB18F_SPI.c
		_Interval_sleep		CODE           	09EE	0000	60
		_ClosePort_SPI 		CODE           	0BCA	0000	8
		_TransferByte_SPI		CODE           	0ACC	0000	36
		_WriteRegister_2bytesAD7177		CODE           	0B52	0000	30
		_WriteRegister_3bytesAD7177		CODE           	0AA8	0000	36
		_ConfigPort_SPI		CODE           	0B70	0000	26
		_OpenPort_SPI  		CODE           	0BBA	0000	8
		_ResetAD7177   		CODE           	09AE	0000	64
		_ReadRegister_1bytesAD7177		CODE           	0B8A	0000	26
		_ReadRegister_2bytesAD7177		CODE           	0B12	0000	34
		_ReadRegister_3bytesAD7177		CODE           	0A58	0000	42

LIB18F_SPI.c estimated size: 370

Eval_AD7177.c
		_Interrups     		CODE           	0008	0000	1600
		_main          		CODE           	0920	0000	72

Eval_AD7177.c estimated size: 1672

shared
		__initialization		CODE           	0A2A	0000	32

shared estimated size: 32

LIB18F_USART.c
		_ReceiveCMD_USART		CODE           	076E	0000	216
		_ReceiveDAT_USART		CODE           	0668	0000	262
		_TransmitCMD_USART		CODE           	0A82	0000	38
		_TransmitDAT_USART		CODE           	08CC	0000	84
		_ConfigSerialPort		CODE           	0B34	0000	30
		_print_string  		CODE           	0968	0000	70
		_WriteByte_USART		CODE           	0AF0	0000	34
		_CloseSerialPort		CODE           	0BC2	0000	8
		_OpenSerialPort		CODE           	0BB2	0000	8
		_ReadByte_USART		CODE           	0846	0000	134

LIB18F_USART.c estimated size: 884

