Microchip MPLAB XC8 Compiler V2.36

Linker command line:

-W-3 --edf=C:\Program Files\Microchip\xc8\v2.36\pic\dat\en_msgs.txt -cn \
  -h+dist/default/production\Digitizer32bits_V0.X.production.sym \
  --cmf=dist/default/production\Digitizer32bits_V0.X.production.cmf -z \
  -Q18F258 -oC:\Users\ricar\AppData\Local\Temp\xcAs15s.4 \
  --defsym=__MPLAB_BUILD=1 \
  -Mdist/default/production/Digitizer32bits_V0.X.production.map \
  --md=C:\Users\ricar\AppData\Local\Temp\xcAs15s.dat -E1 -ver=XC8 Compiler \
  --acfsm=1493 -ACODE=00h-03FFFhx2 -ACONST=00h-07FFFh \
  -ASMALLCONST=0600h-06FFhx122 -AMEDIUMCONST=0600h-07FFFh -ACOMRAM=01h-05Fh \
  -AABS1=00h-05FFh -ABIGRAM=01h-05FFh -ARAM=060h-0FFh,0100h-01FFhx5 \
  -ABANK0=060h-0FFh -ABANK1=0100h-01FFh -ABANK2=0200h-02FFh \
  -ABANK3=0300h-03FFh -ABANK4=0400h-04FFh -ABANK5=0500h-05FFh \
  -ASFR=0F00h-0F5Fh,0F60h-0FFFh -ABIGSFR=0F00h-0FFFh \
  -ACONFIG=0300000h-030000Dh -AIDLOC=0200000h-0200007h \
  -AEEDATA=0F00000h-0F000FFh -peeprom_data=EEDATA \
  -preset_vec=00h,intcode=08h,intcodelo,powerup,init -pramtop=0600h \
  -psmallconst=SMALLCONST -pmediumconst=MEDIUMCONST -pconst=CONST \
  -AFARRAM=00h-00h \
  -prdata=COMRAM,nvrram=COMRAM,nvbit=COMRAM,rbss=COMRAM,rbit=COMRAM \
  -pfarbss=FARRAM,fardata=FARRAM,nvFARRAM=FARRAM \
  -pintsave_regs=BIGRAM,bigbss=BIGRAM,bigdata=BIGRAM -pbss=RAM \
  -pidata=CODE,irdata=CODE,ibigdata=CODE,ifardata=CODE -prparam=COMRAM \
  C:\Users\ricar\AppData\Local\Temp\xcAs15s.o \
  dist/default/production\Digitizer32bits_V0.X.production.o 

Object code version is 3.11

Machine type is 18F258



                Name                               Link     Load   Length Selector   Space Scale
C:\Users\ricar\AppData\Local\Temp\xcAs15s.o
                idloc                            200000   200000        8        0       5
                config                           300000   300000        E        0       4
                text                               1892     1892        2      C39       0
                init                               101E     101E        4        4       0
                reset_vec                             0        0        6        0       0
dist/default/production\Digitizer32bits_V0.X.production.o
                intcode                               8        8     1016        4       0
                idloc                            200000   200000        8        0       5
                config                           300000   300000        E        0       4
                temp                                 5E       5E        1        1       1
                smallconst                         1022     1022       3C      811       0
                text26                             1748     1748       24      82F       0
                text25                             1212     1212      124      82F       0
                text24                             1804     1804       1A      82F       0
                text23                             178E     178E       22      82F       0
                text22                             1522     1522       8A      82F       0
                text21                             1446     1446       DC      82F       0
                text20                             16E2     16E2       40      82F       0
                text19                             1856     1856        E      82F       0
                text18                             1848     1848        E      82F       0
                text17                             183A     183A        E      82F       0
                text16                             182C     182C        E      82F       0
                text15                             181E     181E        E      82F       0
                text14                             176C     176C       22      82F       0
                text13                             169C     169C       46      82F       0
                text12                             1722     1722       26      82F       0
                text11                             1602     1602       54      82F       0
                text10                             17CE     17CE       1C      82F       0
                text9                              105E     105E      1B4      82F       0
                text8                              1336     1336      110      82F       0
                text6                              188A     188A        8      C39       0
                text5                              1882     1882        8      C39       0
                text4                              17EA     17EA       1A      82F       0
                text3                              17B0     17B0       1E      82F       0
                text2                              187A     187A        8      C39       0
                text1                              1872     1872        8      C39       0
                text0                              15AC     15AC       56      82F       0
                cstackCOMRAM                         32       32       2C        1       1
                dataBANK0                            75       75        D       60       1
                bssBANK0                             60       60       15       60       1
                bssCOMRAM                             1        1       31        1       1
                cinit                              1656     1656       46      82F       0
                idataBANK0                         1864     1864        D      82F       0

TOTAL           Name                               Link     Load   Length     Space
        CLASS   CODE           
                intcode                               8        8     1016         0
                text                               1892     1892        2         0
                init                               101E     101E        4         0
                reset_vec                             0        0        6         0
                text26                             1748     1748       24         0
                text25                             1212     1212      124         0
                text24                             1804     1804       1A         0
                text23                             178E     178E       22         0
                text22                             1522     1522       8A         0
                text21                             1446     1446       DC         0
                text20                             16E2     16E2       40         0
                text19                             1856     1856        E         0
                text18                             1848     1848        E         0
                text17                             183A     183A        E         0
                text16                             182C     182C        E         0
                text15                             181E     181E        E         0
                text14                             176C     176C       22         0
                text13                             169C     169C       46         0
                text12                             1722     1722       26         0
                text11                             1602     1602       54         0
                text10                             17CE     17CE       1C         0
                text9                              105E     105E      1B4         0
                text8                              1336     1336      110         0
                text6                              188A     188A        8         0
                text5                              1882     1882        8         0
                text4                              17EA     17EA       1A         0
                text3                              17B0     17B0       1E         0
                text2                              187A     187A        8         0
                text1                              1872     1872        8         0
                text0                              15AC     15AC       56         0
                cinit                              1656     1656       46         0
                idataBANK0                         1864     1864        D         0

        CLASS   CONST          

        CLASS   SMALLCONST     
                smallconst                         1022     1022       3C         0

        CLASS   MEDIUMCONST    

        CLASS   COMRAM         
                temp                                 5E       5E        1         1
                cstackCOMRAM                         32       32       2C         1
                bssCOMRAM                             1        1       31         1

        CLASS   ABS1           

        CLASS   BIGRAM         

        CLASS   RAM            

        CLASS   BANK0          
                dataBANK0                            75       75        D         1
                bssBANK0                             60       60       15         1

        CLASS   BANK1          

        CLASS   BANK2          

        CLASS   BANK3          

        CLASS   BANK4          

        CLASS   BANK5          

        CLASS   SFR            

        CLASS   BIGSFR         

        CLASS   CONFIG         
                config                           300000   300000        E         4

        CLASS   IDLOC          
                idloc                            200000   200000        8         5

        CLASS   EEDATA         

        CLASS   FARRAM         

        CLASS   HEAP           

        CLASS   STACK          



SEGMENTS        Name                           Load    Length   Top    Selector   Space  Class

                reset_vec                      000000  000006  000006         0       0  CODE    
                bssCOMRAM                      000001  00005E  00005F         1       1  COMRAM  
                intcode                        000008  00101A  001022         4       0  CODE    
                bssBANK0                       000060  000022  000082        60       1  BANK0   
                smallconst                     001022  00003C  00105E       811       0  SMALLCON
                text9                          00105E  000813  001871       82F       0  CODE    
                text1                          001872  000022  001894       C39       0  CODE    


UNUSED ADDRESS RANGES

        Name                Unused          Largest block    Delta
        BANK0            000082-0000FF               7E
        BANK1            000100-0001FF              100
        BANK2            000200-0002FF              100
        BANK3            000300-0003FF              100
        BANK4            000400-0004FF              100
        BANK5            000500-0005FF              100
        BIGRAM           00005F-00005F                1
                         000082-0005FF              57E
        BIGSFR           000F00-000FFF              100
        CODE             000006-000007                2
                         001871-001871                1
                         001894-007FFF             276C
        COMRAM           00005F-00005F                1
        CONST            000006-000007                2
                         001871-001871                1
                         001894-007FFF             676C
        EEDATA           F00000-F000FF              100
        MEDIUMCONST      001871-001871                1
                         001894-007FFF             676C
        RAM              000082-0005FF              100
        SFR              000F00-000FFF               60
        SMALLCONST       001871-001871                1
                         001894-007FFF              100

                                  Symbol Table

?_ReadADC32                                                              cstackCOMRAM 000033
?___aodiv                                                                cstackCOMRAM 000032
Interrups@ID                                                             cstackCOMRAM 00005C
Interrups@conta                                                          cstackCOMRAM 00005D
ReadADC32@DataADC                                                        cstackCOMRAM 00003B
ReadADC32@byte0                                                          cstackCOMRAM 000042
ReadADC32@byte1                                                          cstackCOMRAM 000041
ReadADC32@byte2                                                          cstackCOMRAM 000040
ReadADC32@byte3                                                          cstackCOMRAM 00003F
ReadADC32@data_ini                                                       cstackCOMRAM 000043
ReadByte_USART@Ready                                                     cstackCOMRAM 000034
ReadByte_USART@conta                                                     cstackCOMRAM 000033
ReadByte_USART@data                                                      cstackCOMRAM 000032
ReadRegister_1bytesAD7177@command                                        cstackCOMRAM 000033
ReadRegister_2bytesAD7177@command                                        cstackCOMRAM 000033
ReceiveCMD_USART@conta_byte                                              cstackCOMRAM 000035
ReceiveCMD_USART@data_byte                                               cstackCOMRAM 000036
ResetAD7177@conta                                                        cstackCOMRAM 000034
TransferByte_SPI@data                                                    cstackCOMRAM 000032
TransmitCMD_USART@CMD_ID                                                 cstackCOMRAM 000035
TransmitDAT_USART@DAT_ID                                                 cstackCOMRAM 000035
TransmitDAT_USART@conta                                                  cstackCOMRAM 000036
WriteByte_USART@byte                                                     cstackCOMRAM 000032
_ADCON1bits                                                              (abs)        000FC1
_BufferDAT                                                               dataBANK0    000075
_BufferSPI                                                               bssCOMRAM    00002D
_ClosePort_SPI                                                           text6        00188A
_CloseSerialPort                                                         text5        001882
_ConfigPort_SPI                                                          text4        0017EA
_ConfigSerialPort                                                        text3        0017B0
_ContaSample                                                             bssCOMRAM    000031
_Data_TC                                                                 bssCOMRAM    00001D
_Data_TS                                                                 bssCOMRAM    000019
_Data_X                                                                  bssCOMRAM    000029
_Data_Y                                                                  bssCOMRAM    000025
_Data_Z                                                                  bssCOMRAM    000021
_INTCON                                                                  (abs)        000FF2
_INTCONbits                                                              (abs)        000FF2
_Interrups                                                               intcode      000008
_LATA                                                                    (abs)        000F89
_LATAbits                                                                (abs)        000F89
_LATB                                                                    (abs)        000F8A
_LATC                                                                    (abs)        000F8B
_LATCbits                                                                (abs)        000F8B
_ModeSample                                                              bssCOMRAM    000030
_OpenPort_SPI                                                            text2        00187A
_OpenSerialPort                                                          text1        001872
_PIE1bits                                                                (abs)        000F9D
_PIR1bits                                                                (abs)        000F9E
_PORTCbits                                                               (abs)        000F82
_PR2                                                                     (abs)        000FCB
_RCONbits                                                                (abs)        000FD0
_RCREG                                                                   (abs)        000FAE
_RCSTA                                                                   (abs)        000FAB
_RCSTAbits                                                               (abs)        000FAB
_ReadADC32                                                               text25       001212
_ReadByte_USART                                                          text22       001522
_ReadRegister_1bytesAD7177                                               text24       001804
_ReadRegister_2bytesAD7177                                               text23       00178E
_ReceiveCMD_USART                                                        text21       001446
_ResetAD7177                                                             text20       0016E2
_SPBRG                                                                   (abs)        000FAF
_SSPBUF                                                                  (abs)        000FC9
_SSPCON1bits                                                             (abs)        000FC6
_SSPSTAT                                                                 (abs)        000FC7
_SSPSTATbits                                                             (abs)        000FC7
_SelectChannelC                                                          text19       001856
_SelectChannelS                                                          text18       001848
_SelectChannelX                                                          text17       00183A
_SelectChannelY                                                          text16       00182C
_SelectChannelZ                                                          text15       00181E
_SumData_TC                                                              bssBANK0     000068
_SumData_TS                                                              bssBANK0     000060
_SumData_X                                                               bssCOMRAM    000011
_SumData_Y                                                               bssCOMRAM    000009
_SumData_Z                                                               bssCOMRAM    000001
_T0CON                                                                   (abs)        000FD5
_T2CON                                                                   (abs)        000FCA
_T2CONbits                                                               (abs)        000FCA
_TMR0H                                                                   (abs)        000FD7
_TMR0L                                                                   (abs)        000FD6
_TMR2                                                                    (abs)        000FCC
_TRISA                                                                   (abs)        000F92
_TRISB                                                                   (abs)        000F93
_TRISBbits                                                               (abs)        000F93
_TRISC                                                                   (abs)        000F94
_TRISCbits                                                               (abs)        000F94
_TXREG                                                                   (abs)        000FAD
_TXSTA                                                                   (abs)        000FAC
_TXSTAbits                                                               (abs)        000FAC
_TransferByte_SPI                                                        text26       001748
_TransmitCMD_USART                                                       text12       001722
_TransmitDAT_USART                                                       text11       001602
_WriteByte_USART                                                         text14       00176C
_WriteRegister_2bytesAD7177                                              text10       0017CE
__HRAM                                                                   (abs)        000000
__Habs1                                                                  abs1         000000
__Hbank0                                                                 bank0        000000
__Hbank1                                                                 bank1        000000
__Hbank2                                                                 bank2        000000
__Hbank3                                                                 bank3        000000
__Hbank4                                                                 bank4        000000
__Hbank5                                                                 bank5        000000
__Hbigbss                                                                bigbss       000000
__Hbigdata                                                               bigdata      000000
__Hbigram                                                                bigram       000000
__Hbigsfr                                                                bigsfr       000000
__Hbss                                                                   bss          000000
__HbssBANK0                                                              bssBANK0     000000
__HbssCOMRAM                                                             bssCOMRAM    000000
__Hcinit                                                                 cinit        000000
__Hclrtext                                                               clrtext      000000
__Hcomram                                                                comram       000000
__Hconfig                                                                config       30000E
__Hconst                                                                 const        000000
__HcstackBANK0                                                           cstackBANK0  000000
__HcstackCOMRAM                                                          cstackCOMRAM 000000
__Hdata                                                                  data         000000
__HdataBANK0                                                             dataBANK0    000000
__Heeprom_data                                                           eeprom_data  000000
__Hfarbss                                                                farbss       000000
__Hfardata                                                               fardata      000000
__Hheap                                                                  heap         000000
__Hibigdata                                                              ibigdata     000000
__Hidata                                                                 idata        000000
__HidataBANK0                                                            idataBANK0   000000
__Hidloc                                                                 idloc        200008
__Hifardata                                                              ifardata     000000
__Hinit                                                                  init         001022
__Hintcode                                                               intcode      00101E
__Hintcode_body                                                          intcode_body 000000
__Hintcodelo                                                             intcodelo    00101E
__Hintentry                                                              intentry     000000
__Hintret                                                                intret       000000
__Hintsave_regs                                                          intsave_regs 000000
__Hirdata                                                                irdata       000000
__Hmediumconst                                                           mediumconst  000000
__HnvFARRAM                                                              nvFARRAM     000000
__Hnvbit                                                                 nvbit        000000
__Hnvrram                                                                nvrram       000000
__Hparam                                                                 rparam       000000
__Hpowerup                                                               powerup      00101E
__Hram                                                                   ram          000000
__Hramtop                                                                ramtop       000600
__Hrbit                                                                  rbit         000000
__Hrbss                                                                  rbss         000000
__Hrdata                                                                 rdata        000000
__Hreset_vec                                                             reset_vec    000006
__Hrparam                                                                rparam       000000
__Hsfr                                                                   sfr          000000
__Hsmallconst                                                            smallconst   00105E
__Hspace_0                                                               (abs)        001894
__Hspace_1                                                               (abs)        000082
__Hspace_2                                                               (abs)        000000
__Hspace_4                                                               (abs)        60000E
__Hstack                                                                 stack        000000
__Hstruct                                                                struct       000000
__Htemp                                                                  temp         00005F
__Htext                                                                  text         000000
__Htext0                                                                 text0        000000
__Htext1                                                                 text1        000000
__Htext10                                                                text10       000000
__Htext11                                                                text11       000000
__Htext12                                                                text12       000000
__Htext13                                                                text13       000000
__Htext14                                                                text14       000000
__Htext15                                                                text15       000000
__Htext16                                                                text16       000000
__Htext17                                                                text17       000000
__Htext18                                                                text18       000000
__Htext19                                                                text19       000000
__Htext2                                                                 text2        000000
__Htext20                                                                text20       000000
__Htext21                                                                text21       000000
__Htext22                                                                text22       000000
__Htext23                                                                text23       000000
__Htext24                                                                text24       000000
__Htext25                                                                text25       000000
__Htext26                                                                text26       000000
__Htext3                                                                 text3        000000
__Htext4                                                                 text4        000000
__Htext5                                                                 text5        000000
__Htext6                                                                 text6        000000
__Htext8                                                                 text8        000000
__Htext9                                                                 text9        000000
__LRAM                                                                   (abs)        000001
__Labs1                                                                  abs1         000000
__Lbank0                                                                 bank0        000000
__Lbank1                                                                 bank1        000000
__Lbank2                                                                 bank2        000000
__Lbank3                                                                 bank3        000000
__Lbank4                                                                 bank4        000000
__Lbank5                                                                 bank5        000000
__Lbigbss                                                                bigbss       000000
__Lbigdata                                                               bigdata      000000
__Lbigram                                                                bigram       000000
__Lbigsfr                                                                bigsfr       000000
__Lbss                                                                   bss          000000
__LbssBANK0                                                              bssBANK0     000000
__LbssCOMRAM                                                             bssCOMRAM    000000
__Lcinit                                                                 cinit        000000
__Lclrtext                                                               clrtext      000000
__Lcomram                                                                comram       000000
__Lconfig                                                                config       000000
__Lconst                                                                 const        000000
__LcstackBANK0                                                           cstackBANK0  000000
__LcstackCOMRAM                                                          cstackCOMRAM 000000
__Ldata                                                                  data         000000
__LdataBANK0                                                             dataBANK0    000000
__Leeprom_data                                                           eeprom_data  000000
__Lfarbss                                                                farbss       000000
__Lfardata                                                               fardata      000000
__Lheap                                                                  heap         000000
__Libigdata                                                              ibigdata     000000
__Lidata                                                                 idata        000000
__LidataBANK0                                                            idataBANK0   000000
__Lidloc                                                                 idloc        000000
__Lifardata                                                              ifardata     000000
__Linit                                                                  init         00101E
__Lintcode                                                               intcode      000008
__Lintcode_body                                                          intcode_body 000000
__Lintcodelo                                                             intcodelo    00101E
__Lintentry                                                              intentry     000000
__Lintret                                                                intret       000000
__Lintsave_regs                                                          intsave_regs 000000
__Lirdata                                                                irdata       000000
__Lmediumconst                                                           mediumconst  000000
__LnvFARRAM                                                              nvFARRAM     000000
__Lnvbit                                                                 nvbit        000000
__Lnvrram                                                                nvrram       000000
__Lparam                                                                 rparam       000000
__Lpowerup                                                               powerup      00101E
__Lram                                                                   ram          000000
__Lramtop                                                                ramtop       000600
__Lrbit                                                                  rbit         000000
__Lrbss                                                                  rbss         000000
__Lrdata                                                                 rdata        000000
__Lreset_vec                                                             reset_vec    000000
__Lrparam                                                                rparam       000000
__Lsfr                                                                   sfr          000000
__Lsmallconst                                                            smallconst   001022
__Lspace_0                                                               (abs)        000000
__Lspace_1                                                               (abs)        000000
__Lspace_2                                                               (abs)        000000
__Lspace_4                                                               (abs)        000000
__Lstack                                                                 stack        000000
__Lstruct                                                                struct       000000
__Ltemp                                                                  temp         00005E
__Ltext                                                                  text         000000
__Ltext0                                                                 text0        000000
__Ltext1                                                                 text1        000000
__Ltext10                                                                text10       000000
__Ltext11                                                                text11       000000
__Ltext12                                                                text12       000000
__Ltext13                                                                text13       000000
__Ltext14                                                                text14       000000
__Ltext15                                                                text15       000000
__Ltext16                                                                text16       000000
__Ltext17                                                                text17       000000
__Ltext18                                                                text18       000000
__Ltext19                                                                text19       000000
__Ltext2                                                                 text2        000000
__Ltext20                                                                text20       000000
__Ltext21                                                                text21       000000
__Ltext22                                                                text22       000000
__Ltext23                                                                text23       000000
__Ltext24                                                                text24       000000
__Ltext25                                                                text25       000000
__Ltext26                                                                text26       000000
__Ltext3                                                                 text3        000000
__Ltext4                                                                 text4        000000
__Ltext5                                                                 text5        000000
__Ltext6                                                                 text6        000000
__Ltext8                                                                 text8        000000
__Ltext9                                                                 text9        000000
__S0                                                                     (abs)        001894
__S1                                                                     (abs)        000082
__S4                                                                     (abs)        000000
__S5                                                                     (abs)        000000
___aodiv                                                                 text9        00105E
___aodiv@counter                                                         cstackCOMRAM 000042
___aodiv@dividend                                                        cstackCOMRAM 000032
___aodiv@divisor                                                         cstackCOMRAM 00003A
___aodiv@quotient                                                        cstackCOMRAM 000044
___aodiv@sign                                                            cstackCOMRAM 000043
___heap_hi                                                               (abs)        000000
___heap_lo                                                               (abs)        000000
___inthi_sp                                                              stack        000000
___intlo_sp                                                              stack        000000
___param_bank                                                            (abs)        000000
___rparam_used                                                           (abs)        000001
___sp                                                                    stack        000000
__accesstop                                                              (abs)        000060
__activetblptr                                                           (abs)        000002
__cntErrataNOP_C:\Users\ricar\AppData\Local\Temp\xcAs15s.o               (abs)        000001
__cntErrataNOP_dist/default/production\Digitizer32bits_V0.X.production.o (abs)        0000B0
__end_of_ClosePort_SPI                                                   text6        001892
__end_of_CloseSerialPort                                                 text5        00188A
__end_of_ConfigPort_SPI                                                  text4        001804
__end_of_ConfigSerialPort                                                text3        0017CE
__end_of_Interrups                                                       intcode      00101E
__end_of_OpenPort_SPI                                                    text2        001882
__end_of_OpenSerialPort                                                  text1        00187A
__end_of_ReadADC32                                                       text25       001336
__end_of_ReadByte_USART                                                  text22       0015AC
__end_of_ReadRegister_1bytesAD7177                                       text24       00181E
__end_of_ReadRegister_2bytesAD7177                                       text23       0017B0
__end_of_ReceiveCMD_USART                                                text21       001522
__end_of_ResetAD7177                                                     text20       001722
__end_of_SelectChannelC                                                  text19       001864
__end_of_SelectChannelS                                                  text18       001856
__end_of_SelectChannelX                                                  text17       001848
__end_of_SelectChannelY                                                  text16       00183A
__end_of_SelectChannelZ                                                  text15       00182C
__end_of_TransferByte_SPI                                                text26       00176C
__end_of_TransmitCMD_USART                                               text12       001748
__end_of_TransmitDAT_USART                                               text11       001656
__end_of_WriteByte_USART                                                 text14       00178E
__end_of_WriteRegister_2bytesAD7177                                      text10       0017EA
__end_of___aodiv                                                         text9        001212
__end_of__initialization                                                 cinit        00168E
__end_of_main                                                            text0        001602
__end_of_print_string                                                    text13       0016E2
__end_of_print_value                                                     text8        001446
__initialization                                                         cinit        001656
__mediumconst                                                            mediumconst  000000
__pbssBANK0                                                              bssBANK0     000060
__pbssCOMRAM                                                             bssCOMRAM    000001
__pcinit                                                                 cinit        001656
__pcstackBANK0                                                           cstackBANK0  000000
__pcstackCOMRAM                                                          cstackCOMRAM 000032
__pdataBANK0                                                             dataBANK0    000075
__pidataBANK0                                                            idataBANK0   001864
__pintcode                                                               intcode      000008
__psmallconst                                                            smallconst   001022
__ptext0                                                                 text0        0015AC
__ptext1                                                                 text1        001872
__ptext10                                                                text10       0017CE
__ptext11                                                                text11       001602
__ptext12                                                                text12       001722
__ptext13                                                                text13       00169C
__ptext14                                                                text14       00176C
__ptext15                                                                text15       00181E
__ptext16                                                                text16       00182C
__ptext17                                                                text17       00183A
__ptext18                                                                text18       001848
__ptext19                                                                text19       001856
__ptext2                                                                 text2        00187A
__ptext20                                                                text20       0016E2
__ptext21                                                                text21       001446
__ptext22                                                                text22       001522
__ptext23                                                                text23       00178E
__ptext24                                                                text24       001804
__ptext25                                                                text25       001212
__ptext26                                                                text26       001748
__ptext3                                                                 text3        0017B0
__ptext4                                                                 text4        0017EA
__ptext5                                                                 text5        001882
__ptext6                                                                 text6        00188A
__ptext8                                                                 text8        001336
__ptext9                                                                 text9        00105E
__ramtop                                                                 ramtop       000600
__smallconst                                                             smallconst   001022
_main                                                                    text0        0015AC
_print_string                                                            text13       00169C
_print_value                                                             text8        001336
btemp                                                                    temp         00005E
end_of_initialization                                                    cinit        00168E
int$flags                                                                temp         00005E
intlevel0                                                                text         001892
intlevel1                                                                text         001892
intlevel2                                                                text         001892
intlevel3                                                                text         001892
isa$std                                                                  (abs)        000001
isa$xinst                                                                (abs)        000000
print_string@str                                                         cstackCOMRAM 000033
print_value@Bytes                                                        cstackCOMRAM 00003C
print_value@F5258                                                        bssBANK0     000070
print_value@RegTemp                                                      cstackCOMRAM 000042
print_value@conta                                                        cstackCOMRAM 000041
print_value@value                                                        cstackCOMRAM 000033
stackhi                                                                  (abs)        000000
stacklo                                                                  (abs)        000000
start                                                                    init         00101E
start_initialization                                                     cinit        001656
ttemp5                                                                   temp         00005F
ttemp6                                                                   temp         000062
ttemp7                                                                   temp         000066
wtemp8                                                                   temp         00005F


MODULE INFORMATION

Module		Function		Class		Link	Load	Size
SelectChannels.c
		_SelectChannelC		CODE           	1856	0000	14
		_SelectChannelS		CODE           	1848	0000	14
		_SelectChannelX		CODE           	183A	0000	14
		_SelectChannelY		CODE           	182C	0000	14
		_SelectChannelZ		CODE           	181E	0000	14

SelectChannels.c estimated size: 70

LIB18F_SPI.c
		_ClosePort_SPI 		CODE           	188A	0000	8
		_TransferByte_SPI		CODE           	1748	0000	36
		_WriteRegister_2bytesAD7177		CODE           	17CE	0000	28
		_ConfigPort_SPI		CODE           	17EA	0000	26
		_OpenPort_SPI  		CODE           	187A	0000	8
		_ResetAD7177   		CODE           	16E2	0000	64
		_ReadRegister_1bytesAD7177		CODE           	1804	0000	26
		_ReadRegister_2bytesAD7177		CODE           	178E	0000	34

LIB18F_SPI.c estimated size: 230

C:\Program Files\Microchip\xc8\v2.36\pic\sources\c99\common\aodiv.c
		___aodiv       		CODE           	105E	0000	436

C:\Program Files\Microchip\xc8\v2.36\pic\sources\c99\common\aodiv.c estimated size: 436

shared
		__initialization		CODE           	1656	0000	56

shared estimated size: 56

Digitizer32bits_V0.c
		_Interrups     		CODE           	0008	0000	4118
		_main          		CODE           	15AC	0000	86
		_ReadADC32     		CODE           	1212	0000	292

Digitizer32bits_V0.c estimated size: 4496

LIB18F_USART.c
		_ReceiveCMD_USART		CODE           	1446	0000	220
		_TransmitCMD_USART		CODE           	1722	0000	38
		_TransmitDAT_USART		CODE           	1602	0000	84
		_ConfigSerialPort		CODE           	17B0	0000	30
		_print_string  		CODE           	169C	0000	70
		_print_value   		CODE           	1336	0000	272
		_WriteByte_USART		CODE           	176C	0000	34
		_CloseSerialPort		CODE           	1882	0000	8
		_OpenSerialPort		CODE           	1872	0000	8
		_ReadByte_USART		CODE           	1522	0000	138

LIB18F_USART.c estimated size: 902

