Microchip MPLAB XC8 Compiler V2.41

Linker command line:

-W-3 \
  --edf=C:\Program Files\Microchip\xc8\v2.41\pic\dat\20230208172133_en.msgs \
  -cn -h+dist/default/production\MagnetDigi24V1.X.production.sym \
  --cmf=dist/default/production\MagnetDigi24V1.X.production.cmf -z -Q18F258 \
  -oC:\Users\ricar\AppData\Local\Temp\xcAs7vk.\driver_tmp_3.o \
  --defsym=__MPLAB_BUILD=1 --fixupoverflow=error \
  -Mdist/default/production/MagnetDigi24V1.X.production.map \
  --md=C:\Users\ricar\AppData\Local\Temp\xcAs7vk.\driver_tmp_0.dat -E1 \
  -ver=XC8 Compiler --acfsm=1493 -ACODE=00h-03FFFhx2 -ACONST=00h-07FFFh \
  -ASMALLCONST=0600h-06FFhx122 -AMEDIUMCONST=0600h-07FFFh -ACOMRAM=01h-05Fh \
  -AABS1=00h-05FFh -ABIGRAM=01h-05FFh -ARAM=060h-0FFh,0100h-01FFhx5 \
  -ABANK0=060h-0FFh -ABANK1=0100h-01FFh -ABANK2=0200h-02FFh \
  -ABANK3=0300h-03FFh -ABANK4=0400h-04FFh -ABANK5=0500h-05FFh \
  -ASFR=0F00h-0F5Fh,0F60h-0FFFh -ABIGSFR=0F00h-0FFFh \
  -ACONFIG=0300000h-030000Dh -AIDLOC=0200000h-0200007h \
  -AEEDATA=0F00000h-0F000FFh -peeprom_data=EEDATA \
  -preset_vec=00h,intcode=08h,intcodelo,powerup,init -pramtop=0600h \
  -psmallconst=SMALLCONST -pmediumconst=MEDIUMCONST -pconst=CONST \
  -AFARRAM=00h-00h \
  -prdata=COMRAM,nvrram=COMRAM,nvbit=COMRAM,rbss=COMRAM,rbit=COMRAM \
  -pfarbss=FARRAM,fardata=FARRAM,nvFARRAM=FARRAM \
  -pintsave_regs=BIGRAM,bigbss=BIGRAM,bigdata=BIGRAM -pbss=RAM \
  -pidata=CODE,irdata=CODE,ibigdata=CODE,ifardata=CODE -prparam=COMRAM \
  C:\Users\ricar\AppData\Local\Temp\xcAs7vk.\driver_tmp_9.o \
  dist/default/production\MagnetDigi24V1.X.production.o 

Object code version is 3.11

Machine type is 18F258



                Name                               Link     Load   Length Selector   Space Scale
C:\Users\ricar\AppData\Local\Temp\xcAs7vk.\driver_tmp_9.o
                idloc                            200000   200000        8        0       5
                config                           300000   300000        E        0       4
                text                               178A     178A        2      85A       0
                init                               1078     1078        4        4       0
                reset_vec                             0        0        6        0       0
dist/default/production\MagnetDigi24V1.X.production.o
                intcode                               8        8     1070        4       0
                idloc                            200000   200000        8        0       5
                config                           300000   300000        E        0       4
                temp                                 5D       5D        1        1       1
                smallconst                         107C     107C       38      83E       0
                text22                             16CE     16CE       24      85A       0
                text21                             15E0     15E0       2E      85A       0
                text20                             10B4     10B4      138      85A       0
                text19                             11EC     11EC      116      85A       0
                text18                             1732     1732       1E      85A       0
                text17                             1684     1684       26      85A       0
                text16                             160E     160E       2A      85A       0
                text15                             13DE     13DE       8A      85A       0
                text14                             1302     1302       DC      85A       0
                text13                             1468     1468       74      85A       0
                text12                             16F2     16F2       22      85A       0
                text11                             159A     159A       46      85A       0
                text10                             165E     165E       26      85A       0
                text9                              1546     1546       54      85A       0
                text8                              16AA     16AA       24      85A       0
                text6                              1782     1782        8      85A       0
                text5                              177A     177A        8      85A       0
                text4                              1750     1750       1A      85A       0
                text3                              1714     1714       1E      85A       0
                text2                              1772     1772        8      85A       0
                text1                              176A     176A        8      85A       0
                text0                              14DC     14DC       6A      85A       0
                cstackCOMRAM                         38       38       25        1       1
                cstackBANK0                          89       89        2       60       1
                bssBANK0                             60       60       29       60       1
                bssCOMRAM                             1        1       37        1       1
                cinit                              1638     1638       26      85A       0

TOTAL           Name                               Link     Load   Length     Space
        CLASS   CODE           
                intcode                               8        8     1070         0
                text                               178A     178A        2         0
                init                               1078     1078        4         0
                reset_vec                             0        0        6         0
                text22                             16CE     16CE       24         0
                text21                             15E0     15E0       2E         0
                text20                             10B4     10B4      138         0
                text19                             11EC     11EC      116         0
                text18                             1732     1732       1E         0
                text17                             1684     1684       26         0
                text16                             160E     160E       2A         0
                text15                             13DE     13DE       8A         0
                text14                             1302     1302       DC         0
                text13                             1468     1468       74         0
                text12                             16F2     16F2       22         0
                text11                             159A     159A       46         0
                text10                             165E     165E       26         0
                text9                              1546     1546       54         0
                text8                              16AA     16AA       24         0
                text6                              1782     1782        8         0
                text5                              177A     177A        8         0
                text4                              1750     1750       1A         0
                text3                              1714     1714       1E         0
                text2                              1772     1772        8         0
                text1                              176A     176A        8         0
                text0                              14DC     14DC       6A         0
                cinit                              1638     1638       26         0

        CLASS   CONST          

        CLASS   SMALLCONST     
                smallconst                         107C     107C       38         0

        CLASS   MEDIUMCONST    

        CLASS   COMRAM         
                temp                                 5D       5D        1         1
                cstackCOMRAM                         38       38       25         1
                bssCOMRAM                             1        1       37         1

        CLASS   ABS1           

        CLASS   BIGRAM         

        CLASS   RAM            

        CLASS   BANK0          
                cstackBANK0                          89       89        2         1
                bssBANK0                             60       60       29         1

        CLASS   BANK1          

        CLASS   BANK2          

        CLASS   BANK3          

        CLASS   BANK4          

        CLASS   BANK5          

        CLASS   SFR            

        CLASS   BIGSFR         

        CLASS   CONFIG         
                config                           300000   300000        E         4

        CLASS   IDLOC          
                idloc                            200000   200000        8         5

        CLASS   EEDATA         

        CLASS   FARRAM         

        CLASS   HEAP           

        CLASS   STACK          



SEGMENTS        Name                           Load    Length   Top    Selector   Space  Class

                reset_vec                      000000  000006  000006         0       0  CODE    
                bssCOMRAM                      000001  00005D  00005E         1       1  COMRAM  
                intcode                        000008  001074  00107C         4       0  CODE    
                bssBANK0                       000060  00002B  00008B        60       1  BANK0   
                smallconst                     00107C  000038  0010B4       83E       0  SMALLCON
                text20                         0010B4  0006D8  00178C       85A       0  CODE    


UNUSED ADDRESS RANGES

        Name                Unused          Largest block    Delta
        BANK0            00008B-0000FF               75
        BANK1            000100-0001FF              100
        BANK2            000200-0002FF              100
        BANK3            000300-0003FF              100
        BANK4            000400-0004FF              100
        BANK5            000500-0005FF              100
        BIGRAM           00005E-00005F                2
                         00008B-0005FF              575
        BIGSFR           000F00-000FFF              100
        CODE             000006-000007                2
                         00178C-007FFF             2874
        COMRAM           00005E-00005F                2
        CONST            000006-000007                2
                         00178C-007FFF             6874
        EEDATA           F00000-F000FF              100
        MEDIUMCONST      00178C-007FFF             6874
        RAM              00008B-0005FF              100
        SFR              000F00-000FFF               60
        SMALLCONST       00178C-007FFF              100

                                  Symbol Table

?_ReadAD24                                                               cstackCOMRAM 000046
?___aldiv                                                                cstackCOMRAM 000038
Interrups@ID                                                             cstackCOMRAM 00005B
Interrups@conta                                                          cstackCOMRAM 00005C
ReadAD24@DataADC                                                         cstackCOMRAM 00004F
ReadAD24@cmd_convert                                                     cstackCOMRAM 000046
ReadAD24@flag_convert                                                    cstackCOMRAM 00004E
ReadByte_USART@Ready                                                     cstackCOMRAM 00003A
ReadByte_USART@conta                                                     cstackCOMRAM 000039
ReadByte_USART@data                                                      cstackCOMRAM 000038
ReadRegister_4bytesCS5532@command                                        cstackCOMRAM 000039
ReceiveCMD_USART@conta_byte                                              cstackCOMRAM 00003B
ReceiveCMD_USART@data_byte                                               cstackCOMRAM 00003C
ResetCS5532@conta                                                        cstackCOMRAM 00003B
TransferByte_SPI@data                                                    cstackCOMRAM 000038
TransmitCMD_USART@CMD_ID                                                 cstackCOMRAM 00003B
TransmitDAT_USART@DAT_ID                                                 cstackCOMRAM 00003B
TransmitDAT_USART@conta                                                  cstackCOMRAM 00003C
WriteByte_USART@byte                                                     cstackCOMRAM 000038
WriteRegister_4bytesCS5532@command                                       cstackCOMRAM 000039
_ADCON1bits                                                              (abs)        000FC1
_BufferDAT                                                               bssBANK0     000060
_BufferSPI                                                               bssCOMRAM    000031
_CleanHolding                                                            text18       001732
_ClosePort_SPI                                                           text6        001782
_CloseSerialPort                                                         text5        00177A
_CmdGPS                                                                  bssCOMRAM    000037
_ConfigPort_SPI                                                          text4        001750
_ConfigSerialPort                                                        text3        001714
_ContaSample                                                             bssCOMRAM    000035
_ControlSample                                                           bssCOMRAM    000036
_Data_AUX0                                                               bssBANK0     000079
_Data_AUX1                                                               bssBANK0     000075
_Data_AUX2                                                               bssBANK0     000071
_Data_G                                                                  bssBANK0     00007D
_Data_GND                                                                bssBANK0     00006D
_Data_TC                                                                 bssCOMRAM    000001
_Data_TS                                                                 bssBANK0     000081
_Data_X                                                                  bssCOMRAM    00000D
_Data_Y                                                                  bssCOMRAM    000009
_Data_Z                                                                  bssCOMRAM    000005
_INTCON                                                                  (abs)        000FF2
_INTCON2bits                                                             (abs)        000FF1
_INTCONbits                                                              (abs)        000FF2
_InitCS5532                                                              text16       00160E
_Interrups                                                               intcode      000008
_LATA                                                                    (abs)        000F89
_LATAbits                                                                (abs)        000F89
_LATB                                                                    (abs)        000F8A
_LATBbits                                                                (abs)        000F8A
_LATC                                                                    (abs)        000F8B
_OpenPort_SPI                                                            text2        001772
_OpenSerialPort                                                          text1        00176A
_PIE1bits                                                                (abs)        000F9D
_PIR1bits                                                                (abs)        000F9E
_PORTB                                                                   (abs)        000F81
_PORTCbits                                                               (abs)        000F82
_PR2                                                                     (abs)        000FCB
_RCONbits                                                                (abs)        000FD0
_RCREG                                                                   (abs)        000FAE
_RCSTA                                                                   (abs)        000FAB
_RCSTAbits                                                               (abs)        000FAB
_ReadAD24                                                                text19       0011EC
_ReadByte_USART                                                          text15       0013DE
_ReadRegister_4bytesCS5532                                               text21       0015E0
_ReceiveCMD_USART                                                        text14       001302
_ResetCS5532                                                             text13       001468
_SPBRG                                                                   (abs)        000FAF
_SSPBUF                                                                  (abs)        000FC9
_SSPCON1bits                                                             (abs)        000FC6
_SSPSTATbits                                                             (abs)        000FC7
_SumData_AUX0                                                            bssCOMRAM    000019
_SumData_AUX1                                                            bssCOMRAM    000015
_SumData_AUX2                                                            bssCOMRAM    000011
_SumData_GND                                                             bssBANK0     000085
_SumData_TC                                                              bssCOMRAM    000021
_SumData_TS                                                              bssCOMRAM    00001D
_SumData_X                                                               bssCOMRAM    00002D
_SumData_Y                                                               bssCOMRAM    000029
_SumData_Z                                                               bssCOMRAM    000025
_T0CON                                                                   (abs)        000FD5
_T2CON                                                                   (abs)        000FCA
_T2CONbits                                                               (abs)        000FCA
_TMR0H                                                                   (abs)        000FD7
_TMR0L                                                                   (abs)        000FD6
_TMR2                                                                    (abs)        000FCC
_TRISA                                                                   (abs)        000F92
_TRISB                                                                   (abs)        000F93
_TRISC                                                                   (abs)        000F94
_TRISCbits                                                               (abs)        000F94
_TXREG                                                                   (abs)        000FAD
_TXSTA                                                                   (abs)        000FAC
_TXSTAbits                                                               (abs)        000FAC
_TransferByte_SPI                                                        text22       0016CE
_TransmitCMD_USART                                                       text10       00165E
_TransmitDAT_USART                                                       text9        001546
_WriteByte_USART                                                         text12       0016F2
_WriteRegister_4bytesCS5532                                              text17       001684
__HRAM                                                                   (abs)        000000
__H__absolute__                                                          __absolute__ 000000
__Habs1                                                                  abs1         000000
__Hbank0                                                                 bank0        000000
__Hbank1                                                                 bank1        000000
__Hbank2                                                                 bank2        000000
__Hbank3                                                                 bank3        000000
__Hbank4                                                                 bank4        000000
__Hbank5                                                                 bank5        000000
__Hbigbss                                                                bigbss       000000
__Hbigdata                                                               bigdata      000000
__Hbigram                                                                bigram       000000
__Hbigsfr                                                                bigsfr       000000
__Hbss                                                                   bss          000000
__HbssBANK0                                                              bssBANK0     000000
__HbssCOMRAM                                                             bssCOMRAM    000000
__Hcinit                                                                 cinit        000000
__Hclrtext                                                               clrtext      000000
__Hcomram                                                                comram       000000
__Hconfig                                                                config       30000E
__Hconst                                                                 const        000000
__HcstackBANK0                                                           cstackBANK0  000000
__HcstackCOMRAM                                                          cstackCOMRAM 000000
__Hdata                                                                  data         000000
__Heeprom_data                                                           eeprom_data  000000
__Hfarbss                                                                farbss       000000
__Hfardata                                                               fardata      000000
__Hheap                                                                  heap         000000
__Hibigdata                                                              ibigdata     000000
__Hidata                                                                 idata        000000
__Hidloc                                                                 idloc        200008
__Hifardata                                                              ifardata     000000
__Hinit                                                                  init         00107C
__Hintcode                                                               intcode      001078
__Hintcode_body                                                          intcode_body 000000
__Hintcodelo                                                             intcodelo    001078
__Hintentry                                                              intentry     000000
__Hintret                                                                intret       000000
__Hintsave_regs                                                          intsave_regs 000000
__Hirdata                                                                irdata       000000
__Hmediumconst                                                           mediumconst  000000
__HnvFARRAM                                                              nvFARRAM     000000
__Hnvbit                                                                 nvbit        000000
__Hnvrram                                                                nvrram       000000
__Hparam                                                                 rparam       000000
__Hpowerup                                                               powerup      001078
__Hram                                                                   ram          000000
__Hramtop                                                                ramtop       000600
__Hrbit                                                                  rbit         000000
__Hrbss                                                                  rbss         000000
__Hrdata                                                                 rdata        000000
__Hreset_vec                                                             reset_vec    000006
__Hrparam                                                                rparam       000000
__Hsfr                                                                   sfr          000000
__Hsmallconst                                                            smallconst   0010B4
__Hspace_0                                                               (abs)        00178C
__Hspace_1                                                               (abs)        00008B
__Hspace_2                                                               (abs)        000000
__Hspace_4                                                               (abs)        60000E
__Hstack                                                                 stack        000000
__Hstruct                                                                struct       000000
__Htemp                                                                  temp         00005E
__Htext                                                                  text         000000
__Htext0                                                                 text0        000000
__Htext1                                                                 text1        000000
__Htext10                                                                text10       000000
__Htext11                                                                text11       000000
__Htext12                                                                text12       000000
__Htext13                                                                text13       000000
__Htext14                                                                text14       000000
__Htext15                                                                text15       000000
__Htext16                                                                text16       000000
__Htext17                                                                text17       000000
__Htext18                                                                text18       000000
__Htext19                                                                text19       000000
__Htext2                                                                 text2        000000
__Htext20                                                                text20       000000
__Htext21                                                                text21       000000
__Htext22                                                                text22       000000
__Htext3                                                                 text3        000000
__Htext4                                                                 text4        000000
__Htext5                                                                 text5        000000
__Htext6                                                                 text6        000000
__Htext8                                                                 text8        000000
__Htext9                                                                 text9        000000
__LRAM                                                                   (abs)        000001
__L__absolute__                                                          __absolute__ 000000
__Labs1                                                                  abs1         000000
__Lbank0                                                                 bank0        000000
__Lbank1                                                                 bank1        000000
__Lbank2                                                                 bank2        000000
__Lbank3                                                                 bank3        000000
__Lbank4                                                                 bank4        000000
__Lbank5                                                                 bank5        000000
__Lbigbss                                                                bigbss       000000
__Lbigdata                                                               bigdata      000000
__Lbigram                                                                bigram       000000
__Lbigsfr                                                                bigsfr       000000
__Lbss                                                                   bss          000000
__LbssBANK0                                                              bssBANK0     000000
__LbssCOMRAM                                                             bssCOMRAM    000000
__Lcinit                                                                 cinit        000000
__Lclrtext                                                               clrtext      000000
__Lcomram                                                                comram       000000
__Lconfig                                                                config       000000
__Lconst                                                                 const        000000
__LcstackBANK0                                                           cstackBANK0  000000
__LcstackCOMRAM                                                          cstackCOMRAM 000000
__Ldata                                                                  data         000000
__Leeprom_data                                                           eeprom_data  000000
__Lfarbss                                                                farbss       000000
__Lfardata                                                               fardata      000000
__Lheap                                                                  heap         000000
__Libigdata                                                              ibigdata     000000
__Lidata                                                                 idata        000000
__Lidloc                                                                 idloc        000000
__Lifardata                                                              ifardata     000000
__Linit                                                                  init         001078
__Lintcode                                                               intcode      000008
__Lintcode_body                                                          intcode_body 000000
__Lintcodelo                                                             intcodelo    001078
__Lintentry                                                              intentry     000000
__Lintret                                                                intret       000000
__Lintsave_regs                                                          intsave_regs 000000
__Lirdata                                                                irdata       000000
__Lmediumconst                                                           mediumconst  000000
__LnvFARRAM                                                              nvFARRAM     000000
__Lnvbit                                                                 nvbit        000000
__Lnvrram                                                                nvrram       000000
__Lparam                                                                 rparam       000000
__Lpowerup                                                               powerup      001078
__Lram                                                                   ram          000000
__Lramtop                                                                ramtop       000600
__Lrbit                                                                  rbit         000000
__Lrbss                                                                  rbss         000000
__Lrdata                                                                 rdata        000000
__Lreset_vec                                                             reset_vec    000000
__Lrparam                                                                rparam       000000
__Lsfr                                                                   sfr          000000
__Lsmallconst                                                            smallconst   00107C
__Lspace_0                                                               (abs)        000000
__Lspace_1                                                               (abs)        000000
__Lspace_2                                                               (abs)        000000
__Lspace_4                                                               (abs)        000000
__Lstack                                                                 stack        000000
__Lstruct                                                                struct       000000
__Ltemp                                                                  temp         00005D
__Ltext                                                                  text         000000
__Ltext0                                                                 text0        000000
__Ltext1                                                                 text1        000000
__Ltext10                                                                text10       000000
__Ltext11                                                                text11       000000
__Ltext12                                                                text12       000000
__Ltext13                                                                text13       000000
__Ltext14                                                                text14       000000
__Ltext15                                                                text15       000000
__Ltext16                                                                text16       000000
__Ltext17                                                                text17       000000
__Ltext18                                                                text18       000000
__Ltext19                                                                text19       000000
__Ltext2                                                                 text2        000000
__Ltext20                                                                text20       000000
__Ltext21                                                                text21       000000
__Ltext22                                                                text22       000000
__Ltext3                                                                 text3        000000
__Ltext4                                                                 text4        000000
__Ltext5                                                                 text5        000000
__Ltext6                                                                 text6        000000
__Ltext8                                                                 text8        000000
__Ltext9                                                                 text9        000000
__S0                                                                     (abs)        00178C
__S1                                                                     (abs)        00008B
__S4                                                                     (abs)        000000
__S5                                                                     (abs)        000000
___aldiv                                                                 text20       0010B4
___aldiv@counter                                                         cstackCOMRAM 000040
___aldiv@dividend                                                        cstackCOMRAM 000038
___aldiv@divisor                                                         cstackCOMRAM 00003C
___aldiv@quotient                                                        cstackCOMRAM 000042
___aldiv@sign                                                            cstackCOMRAM 000041
___heap_hi                                                               (abs)        000000
___heap_lo                                                               (abs)        000000
___inthi_sp                                                              stack        000000
___intlo_sp                                                              stack        000000
___param_bank                                                            (abs)        000000
___rparam_used                                                           (abs)        000001
___sp                                                                    stack        000000
__accesstop                                                              (abs)        000060
__activetblptr                                                           (abs)        000002
__cntErrataNOP_C:\Users\ricar\AppData\Local\Temp\xcAs7vk.\driver_tmp_9.o (abs)        000001
__cntErrataNOP_dist/default/production\MagnetDigi24V1.X.production.o     (abs)        0000B6
__end_of_CleanHolding                                                    text18       001750
__end_of_ClosePort_SPI                                                   text6        00178A
__end_of_CloseSerialPort                                                 text5        001782
__end_of_ConfigPort_SPI                                                  text4        00176A
__end_of_ConfigSerialPort                                                text3        001732
__end_of_InitCS5532                                                      text16       001638
__end_of_Interrups                                                       intcode      001078
__end_of_OpenPort_SPI                                                    text2        00177A
__end_of_OpenSerialPort                                                  text1        001772
__end_of_ReadAD24                                                        text19       001302
__end_of_ReadByte_USART                                                  text15       001468
__end_of_ReadRegister_4bytesCS5532                                       text21       00160E
__end_of_ReceiveCMD_USART                                                text14       0013DE
__end_of_ResetCS5532                                                     text13       0014DC
__end_of_TransferByte_SPI                                                text22       0016F2
__end_of_TransmitCMD_USART                                               text10       001684
__end_of_TransmitDAT_USART                                               text9        00159A
__end_of_WriteByte_USART                                                 text12       001714
__end_of_WriteRegister_4bytesCS5532                                      text17       0016AA
__end_of___aldiv                                                         text20       0011EC
__end_of__initialization                                                 cinit        001650
__end_of_main                                                            text0        001546
__end_of_print_string                                                    text11       0015E0
__end_of_print_value                                                     text8        0016CE
__initialization                                                         cinit        001638
__mediumconst                                                            mediumconst  000000
__pbssBANK0                                                              bssBANK0     000060
__pbssCOMRAM                                                             bssCOMRAM    000001
__pcinit                                                                 cinit        001638
__pcstackBANK0                                                           cstackBANK0  000089
__pcstackCOMRAM                                                          cstackCOMRAM 000038
__pintcode                                                               intcode      000008
__psmallconst                                                            smallconst   00107C
__ptext0                                                                 text0        0014DC
__ptext1                                                                 text1        00176A
__ptext10                                                                text10       00165E
__ptext11                                                                text11       00159A
__ptext12                                                                text12       0016F2
__ptext13                                                                text13       001468
__ptext14                                                                text14       001302
__ptext15                                                                text15       0013DE
__ptext16                                                                text16       00160E
__ptext17                                                                text17       001684
__ptext18                                                                text18       001732
__ptext19                                                                text19       0011EC
__ptext2                                                                 text2        001772
__ptext20                                                                text20       0010B4
__ptext21                                                                text21       0015E0
__ptext22                                                                text22       0016CE
__ptext3                                                                 text3        001714
__ptext4                                                                 text4        001750
__ptext5                                                                 text5        00177A
__ptext6                                                                 text6        001782
__ptext8                                                                 text8        0016AA
__ptext9                                                                 text9        001546
__ramtop                                                                 ramtop       000600
__smallconst                                                             smallconst   00107C
_main                                                                    text0        0014DC
_print_string                                                            text11       00159A
_print_value                                                             text8        0016AA
btemp                                                                    temp         00005D
end_of_initialization                                                    cinit        001650
int$flags                                                                temp         00005D
intlevel0                                                                text         00178A
intlevel1                                                                text         00178A
intlevel2                                                                text         00178A
intlevel3                                                                text         00178A
isa$std                                                                  (abs)        000001
isa$xinst                                                                (abs)        000000
print_string@str                                                         cstackCOMRAM 000039
print_value@Bytes                                                        cstackCOMRAM 00003D
print_value@value                                                        cstackCOMRAM 000039
stackhi                                                                  (abs)        000000
stacklo                                                                  (abs)        000000
start                                                                    init         001078
start_initialization                                                     cinit        001638
ttemp5                                                                   temp         00005E
ttemp6                                                                   temp         000061
ttemp7                                                                   temp         000065
wtemp8                                                                   temp         00005E


MODULE INFORMATION

Module		Function		Class		Link	Load	Size
LIB258_SPI.c
		_ClosePort_SPI 		CODE           	1782	0000	8
		_InitCS5532    		CODE           	160E	0000	42
		_TransferByte_SPI		CODE           	16CE	0000	36
		_ConfigPort_SPI		CODE           	1750	0000	26
		_WriteRegister_4bytesCS5532		CODE           	1684	0000	38
		_OpenPort_SPI  		CODE           	1772	0000	8
		_ReadRegister_4bytesCS5532		CODE           	15E0	0000	46
		_ReadAD24      		CODE           	11EC	0000	278
		_ResetCS5532   		CODE           	1468	0000	116
		_CleanHolding  		CODE           	1732	0000	30

LIB258_SPI.c estimated size: 628

C:\Program Files\Microchip\xc8\v2.41\pic\sources\c99\common\aldiv.c
		___aldiv       		CODE           	10B4	0000	312

C:\Program Files\Microchip\xc8\v2.41\pic\sources\c99\common\aldiv.c estimated size: 312

LIB258_USART.c
		_ReceiveCMD_USART		CODE           	1302	0000	220
		_TransmitCMD_USART		CODE           	165E	0000	38
		_TransmitDAT_USART		CODE           	1546	0000	84
		_ConfigSerialPort		CODE           	1714	0000	30
		_print_string  		CODE           	159A	0000	70
		_print_value   		CODE           	16AA	0000	36
		_WriteByte_USART		CODE           	16F2	0000	34
		_CloseSerialPort		CODE           	177A	0000	8
		_OpenSerialPort		CODE           	176A	0000	8
		_ReadByte_USART		CODE           	13DE	0000	138

LIB258_USART.c estimated size: 666

shared
		__initialization		CODE           	1638	0000	24

shared estimated size: 24

MagnetDigi24V1.c
		_Interrups     		CODE           	0008	0000	4208
		_main          		CODE           	14DC	0000	106

MagnetDigi24V1.c estimated size: 4314

