Microchip MPLAB XC8 Compiler V2.41

Linker command line:

-W-3 \
  --edf=C:\Program Files\Microchip\xc8\v2.41\pic\dat\20230208172133_en.msgs \
  -cn -h+dist/default/production\MagnetDigi24.X.production.sym \
  --cmf=dist/default/production\MagnetDigi24.X.production.cmf -z -Q18F258 \
  -oC:\Users\ricar\AppData\Local\Temp\xcAsbno.\driver_tmp_3.o \
  --defsym=__MPLAB_BUILD=1 --fixupoverflow=error \
  -Mdist/default/production/MagnetDigi24.X.production.map \
  --md=C:\Users\ricar\AppData\Local\Temp\xcAsbno.\driver_tmp_0.dat -E1 \
  -ver=XC8 Compiler --acfsm=1493 -ACODE=00h-03FFFhx2 -ACONST=00h-07FFFh \
  -ASMALLCONST=0600h-06FFhx122 -AMEDIUMCONST=0600h-07FFFh -ACOMRAM=01h-05Fh \
  -AABS1=00h-05FFh -ABIGRAM=01h-05FFh -ARAM=060h-0FFh,0100h-01FFhx5 \
  -ABANK0=060h-0FFh -ABANK1=0100h-01FFh -ABANK2=0200h-02FFh \
  -ABANK3=0300h-03FFh -ABANK4=0400h-04FFh -ABANK5=0500h-05FFh \
  -ASFR=0F00h-0F5Fh,0F60h-0FFFh -ABIGSFR=0F00h-0FFFh \
  -ACONFIG=0300000h-030000Dh -AIDLOC=0200000h-0200007h \
  -AEEDATA=0F00000h-0F000FFh -peeprom_data=EEDATA \
  -preset_vec=00h,intcode=08h,intcodelo,powerup,init -pramtop=0600h \
  -psmallconst=SMALLCONST -pmediumconst=MEDIUMCONST -pconst=CONST \
  -AFARRAM=00h-00h \
  -prdata=COMRAM,nvrram=COMRAM,nvbit=COMRAM,rbss=COMRAM,rbit=COMRAM \
  -pfarbss=FARRAM,fardata=FARRAM,nvFARRAM=FARRAM \
  -pintsave_regs=BIGRAM,bigbss=BIGRAM,bigdata=BIGRAM -pbss=RAM \
  -pidata=CODE,irdata=CODE,ibigdata=CODE,ifardata=CODE -prparam=COMRAM \
  C:\Users\ricar\AppData\Local\Temp\xcAsbno.\driver_tmp_9.o \
  dist/default/production\MagnetDigi24.X.production.o 

Object code version is 3.11

Machine type is 18F258



                Name                               Link     Load   Length Selector   Space Scale
C:\Users\ricar\AppData\Local\Temp\xcAsbno.\driver_tmp_9.o
                idloc                            200000   200000        8        0       5
                config                           300000   300000        E        0       4
                text                               16CC     16CC        2      B56       0
                init                               104A     104A        4        4       0
                reset_vec                             0        0        6        0       0
dist/default/production\MagnetDigi24.X.production.o
                intcode                               8        8     1042        4       0
                idloc                            200000   200000        8        0       5
                config                           300000   300000        E        0       4
                temp                                 5C       5C        1        1       1
                smallconst                         104E     104E       38      827       0
                text22                             15FE     15FE       24      843       0
                text21                             1536     1536       2E      843       0
                text20                             1162     1162       D4      843       0
                text19                             1644     1644       22      843       0
                text18                             15B4     15B4       26      843       0
                text17                             1564     1564       2A      843       0
                text16                             12F4     12F4       8A      843       0
                text15                             1086     1086       DC      843       0
                text14                             137E     137E       72      843       0
                text13                             1622     1622       22      843       0
                text12                             14F0     14F0       46      843       0
                text11                             158E     158E       26      843       0
                text10                             1456     1456       54      843       0
                text9                              1236     1236       BE      843       0
                text8                              15DA     15DA       24      843       0
                text6                              16C4     16C4        8      B56       0
                text5                              16BC     16BC        8      B56       0
                text4                              1684     1684       1A      843       0
                text3                              1666     1666       1E      843       0
                text2                              16B4     16B4        8      B56       0
                text1                              16AC     16AC        8      B56       0
                text0                              13F0     13F0       66      843       0
                cstackCOMRAM                         40       40       1C        1       1
                cstackBANK0                          81       81        2       60       1
                dataBANK0                            74       74        D       60       1
                bssBANK0                             60       60       14       60       1
                bssCOMRAM                             1        1       3F        1       1
                cinit                              14AA     14AA       46      843       0
                idataBANK0                         169E     169E        D      843       0

TOTAL           Name                               Link     Load   Length     Space
        CLASS   CODE           
                intcode                               8        8     1042         0
                text                               16CC     16CC        2         0
                init                               104A     104A        4         0
                reset_vec                             0        0        6         0
                text22                             15FE     15FE       24         0
                text21                             1536     1536       2E         0
                text20                             1162     1162       D4         0
                text19                             1644     1644       22         0
                text18                             15B4     15B4       26         0
                text17                             1564     1564       2A         0
                text16                             12F4     12F4       8A         0
                text15                             1086     1086       DC         0
                text14                             137E     137E       72         0
                text13                             1622     1622       22         0
                text12                             14F0     14F0       46         0
                text11                             158E     158E       26         0
                text10                             1456     1456       54         0
                text9                              1236     1236       BE         0
                text8                              15DA     15DA       24         0
                text6                              16C4     16C4        8         0
                text5                              16BC     16BC        8         0
                text4                              1684     1684       1A         0
                text3                              1666     1666       1E         0
                text2                              16B4     16B4        8         0
                text1                              16AC     16AC        8         0
                text0                              13F0     13F0       66         0
                cinit                              14AA     14AA       46         0
                idataBANK0                         169E     169E        D         0

        CLASS   CONST          

        CLASS   SMALLCONST     
                smallconst                         104E     104E       38         0

        CLASS   MEDIUMCONST    

        CLASS   COMRAM         
                temp                                 5C       5C        1         1
                cstackCOMRAM                         40       40       1C         1
                bssCOMRAM                             1        1       3F         1

        CLASS   ABS1           

        CLASS   BIGRAM         

        CLASS   RAM            

        CLASS   BANK0          
                cstackBANK0                          81       81        2         1
                dataBANK0                            74       74        D         1
                bssBANK0                             60       60       14         1

        CLASS   BANK1          

        CLASS   BANK2          

        CLASS   BANK3          

        CLASS   BANK4          

        CLASS   BANK5          

        CLASS   SFR            

        CLASS   BIGSFR         

        CLASS   CONFIG         
                config                           300000   300000        E         4

        CLASS   IDLOC          
                idloc                            200000   200000        8         5

        CLASS   EEDATA         

        CLASS   FARRAM         

        CLASS   HEAP           

        CLASS   STACK          



SEGMENTS        Name                           Load    Length   Top    Selector   Space  Class

                reset_vec                      000000  000006  000006         0       0  CODE    
                bssCOMRAM                      000001  00005C  00005D         1       1  COMRAM  
                intcode                        000008  001046  00104E         4       0  CODE    
                bssBANK0                       000060  000023  000083        60       1  BANK0   
                smallconst                     00104E  000038  001086       827       0  SMALLCON
                text15                         001086  000625  0016AB       843       0  CODE    
                text1                          0016AC  000022  0016CE       B56       0  CODE    


UNUSED ADDRESS RANGES

        Name                Unused          Largest block    Delta
        BANK0            000083-0000FF               7D
        BANK1            000100-0001FF              100
        BANK2            000200-0002FF              100
        BANK3            000300-0003FF              100
        BANK4            000400-0004FF              100
        BANK5            000500-0005FF              100
        BIGRAM           00005D-00005F                3
                         000083-0005FF              57D
        BIGSFR           000F00-000FFF              100
        CODE             000006-000007                2
                         0016AB-0016AB                1
                         0016CE-007FFF             2932
        COMRAM           00005D-00005F                3
        CONST            000006-000007                2
                         0016AB-0016AB                1
                         0016CE-007FFF             6932
        EEDATA           F00000-F000FF              100
        MEDIUMCONST      0016AB-0016AB                1
                         0016CE-007FFF             6932
        RAM              000083-0005FF              100
        SFR              000F00-000FFF               60
        SMALLCONST       0016AB-0016AB                1
                         0016CE-007FFF              100

                                  Symbol Table

?_ReadAD24                                                               cstackCOMRAM 000042
?___lldiv                                                                cstackCOMRAM 000040
Interrups@ID                                                             cstackCOMRAM 00005A
Interrups@conta                                                          cstackCOMRAM 00005B
ReadAD24@ByteHigh                                                        cstackCOMRAM 00004C
ReadAD24@ByteLow                                                         cstackCOMRAM 00004D
ReadAD24@ByteUpper                                                       cstackCOMRAM 00004B
ReadAD24@DataADC                                                         cstackCOMRAM 00004E
ReadAD24@cmd_convert                                                     cstackCOMRAM 000042
ReadAD24@flag_convert                                                    cstackCOMRAM 00004A
ReadByte_USART@Ready                                                     cstackCOMRAM 000042
ReadByte_USART@conta                                                     cstackCOMRAM 000041
ReadByte_USART@data                                                      cstackCOMRAM 000040
ReadRegister_4bytesCS5532@command                                        cstackCOMRAM 000041
ReceiveCMD_USART@conta_byte                                              cstackCOMRAM 000043
ReceiveCMD_USART@data_byte                                               cstackCOMRAM 000044
ResetCS5532@conta                                                        cstackCOMRAM 000043
TransferByte_SPI@data                                                    cstackCOMRAM 000040
TransmitCMD_USART@CMD_ID                                                 cstackCOMRAM 000043
TransmitDAT_USART@DAT_ID                                                 cstackCOMRAM 000043
TransmitDAT_USART@conta                                                  cstackCOMRAM 000044
WriteByte_USART@byte                                                     cstackCOMRAM 000040
WriteRegister_4bytesCS5532@command                                       cstackCOMRAM 000041
_ADCON1bits                                                              (abs)        000FC1
_BufferDAT                                                               dataBANK0    000074
_BufferSPI                                                               bssCOMRAM    000039
_CleanHolding                                                            text19       001644
_ClosePort_SPI                                                           text6        0016C4
_CloseSerialPort                                                         text5        0016BC
_CmdGPS                                                                  bssCOMRAM    00003F
_ConfigPort_SPI                                                          text4        001684
_ConfigSerialPort                                                        text3        001666
_ContaSample                                                             bssCOMRAM    00003D
_ControlSample                                                           bssCOMRAM    00003E
_Data_AUX0                                                               bssCOMRAM    000001
_Data_AUX1                                                               bssBANK0     000068
_Data_AUX2                                                               bssBANK0     000064
_Data_G                                                                  bssBANK0     00006C
_Data_GND                                                                bssBANK0     000060
_Data_TC                                                                 bssCOMRAM    000009
_Data_TS                                                                 bssCOMRAM    000005
_Data_X                                                                  bssCOMRAM    000015
_Data_Y                                                                  bssCOMRAM    000011
_Data_Z                                                                  bssCOMRAM    00000D
_INTCON                                                                  (abs)        000FF2
_INTCONbits                                                              (abs)        000FF2
_InitCS5532                                                              text17       001564
_Interrups                                                               intcode      000008
_LATA                                                                    (abs)        000F89
_LATAbits                                                                (abs)        000F89
_LATB                                                                    (abs)        000F8A
_LATBbits                                                                (abs)        000F8A
_LATC                                                                    (abs)        000F8B
_OpenPort_SPI                                                            text2        0016B4
_OpenSerialPort                                                          text1        0016AC
_PIE1bits                                                                (abs)        000F9D
_PIR1bits                                                                (abs)        000F9E
_PORTB                                                                   (abs)        000F81
_PORTCbits                                                               (abs)        000F82
_PR2                                                                     (abs)        000FCB
_RCONbits                                                                (abs)        000FD0
_RCREG                                                                   (abs)        000FAE
_RCSTA                                                                   (abs)        000FAB
_RCSTAbits                                                               (abs)        000FAB
_ReadAD24                                                                text20       001162
_ReadByte_USART                                                          text16       0012F4
_ReadRegister_4bytesCS5532                                               text21       001536
_ReceiveCMD_USART                                                        text15       001086
_ResetCS5532                                                             text14       00137E
_SPBRG                                                                   (abs)        000FAF
_SSPBUF                                                                  (abs)        000FC9
_SSPCON1bits                                                             (abs)        000FC6
_SSPSTATbits                                                             (abs)        000FC7
_SumData_AUX0                                                            bssCOMRAM    000021
_SumData_AUX1                                                            bssCOMRAM    00001D
_SumData_AUX2                                                            bssCOMRAM    000019
_SumData_GND                                                             bssBANK0     000070
_SumData_TC                                                              bssCOMRAM    000029
_SumData_TS                                                              bssCOMRAM    000025
_SumData_X                                                               bssCOMRAM    000035
_SumData_Y                                                               bssCOMRAM    000031
_SumData_Z                                                               bssCOMRAM    00002D
_T0CON                                                                   (abs)        000FD5
_T2CON                                                                   (abs)        000FCA
_T2CONbits                                                               (abs)        000FCA
_TMR0H                                                                   (abs)        000FD7
_TMR0L                                                                   (abs)        000FD6
_TMR2                                                                    (abs)        000FCC
_TRISA                                                                   (abs)        000F92
_TRISB                                                                   (abs)        000F93
_TRISC                                                                   (abs)        000F94
_TRISCbits                                                               (abs)        000F94
_TXREG                                                                   (abs)        000FAD
_TXSTA                                                                   (abs)        000FAC
_TXSTAbits                                                               (abs)        000FAC
_TransferByte_SPI                                                        text22       0015FE
_TransmitCMD_USART                                                       text11       00158E
_TransmitDAT_USART                                                       text10       001456
_WriteByte_USART                                                         text13       001622
_WriteRegister_4bytesCS5532                                              text18       0015B4
__HRAM                                                                   (abs)        000000
__H__absolute__                                                          __absolute__ 000000
__Habs1                                                                  abs1         000000
__Hbank0                                                                 bank0        000000
__Hbank1                                                                 bank1        000000
__Hbank2                                                                 bank2        000000
__Hbank3                                                                 bank3        000000
__Hbank4                                                                 bank4        000000
__Hbank5                                                                 bank5        000000
__Hbigbss                                                                bigbss       000000
__Hbigdata                                                               bigdata      000000
__Hbigram                                                                bigram       000000
__Hbigsfr                                                                bigsfr       000000
__Hbss                                                                   bss          000000
__HbssBANK0                                                              bssBANK0     000000
__HbssCOMRAM                                                             bssCOMRAM    000000
__Hcinit                                                                 cinit        000000
__Hclrtext                                                               clrtext      000000
__Hcomram                                                                comram       000000
__Hconfig                                                                config       30000E
__Hconst                                                                 const        000000
__HcstackBANK0                                                           cstackBANK0  000000
__HcstackCOMRAM                                                          cstackCOMRAM 000000
__Hdata                                                                  data         000000
__HdataBANK0                                                             dataBANK0    000000
__Heeprom_data                                                           eeprom_data  000000
__Hfarbss                                                                farbss       000000
__Hfardata                                                               fardata      000000
__Hheap                                                                  heap         000000
__Hibigdata                                                              ibigdata     000000
__Hidata                                                                 idata        000000
__HidataBANK0                                                            idataBANK0   000000
__Hidloc                                                                 idloc        200008
__Hifardata                                                              ifardata     000000
__Hinit                                                                  init         00104E
__Hintcode                                                               intcode      00104A
__Hintcode_body                                                          intcode_body 000000
__Hintcodelo                                                             intcodelo    00104A
__Hintentry                                                              intentry     000000
__Hintret                                                                intret       000000
__Hintsave_regs                                                          intsave_regs 000000
__Hirdata                                                                irdata       000000
__Hmediumconst                                                           mediumconst  000000
__HnvFARRAM                                                              nvFARRAM     000000
__Hnvbit                                                                 nvbit        000000
__Hnvrram                                                                nvrram       000000
__Hparam                                                                 rparam       000000
__Hpowerup                                                               powerup      00104A
__Hram                                                                   ram          000000
__Hramtop                                                                ramtop       000600
__Hrbit                                                                  rbit         000000
__Hrbss                                                                  rbss         000000
__Hrdata                                                                 rdata        000000
__Hreset_vec                                                             reset_vec    000006
__Hrparam                                                                rparam       000000
__Hsfr                                                                   sfr          000000
__Hsmallconst                                                            smallconst   001086
__Hspace_0                                                               (abs)        0016CE
__Hspace_1                                                               (abs)        000083
__Hspace_2                                                               (abs)        000000
__Hspace_4                                                               (abs)        60000E
__Hstack                                                                 stack        000000
__Hstruct                                                                struct       000000
__Htemp                                                                  temp         00005D
__Htext                                                                  text         000000
__Htext0                                                                 text0        000000
__Htext1                                                                 text1        000000
__Htext10                                                                text10       000000
__Htext11                                                                text11       000000
__Htext12                                                                text12       000000
__Htext13                                                                text13       000000
__Htext14                                                                text14       000000
__Htext15                                                                text15       000000
__Htext16                                                                text16       000000
__Htext17                                                                text17       000000
__Htext18                                                                text18       000000
__Htext19                                                                text19       000000
__Htext2                                                                 text2        000000
__Htext20                                                                text20       000000
__Htext21                                                                text21       000000
__Htext22                                                                text22       000000
__Htext3                                                                 text3        000000
__Htext4                                                                 text4        000000
__Htext5                                                                 text5        000000
__Htext6                                                                 text6        000000
__Htext8                                                                 text8        000000
__Htext9                                                                 text9        000000
__LRAM                                                                   (abs)        000001
__L__absolute__                                                          __absolute__ 000000
__Labs1                                                                  abs1         000000
__Lbank0                                                                 bank0        000000
__Lbank1                                                                 bank1        000000
__Lbank2                                                                 bank2        000000
__Lbank3                                                                 bank3        000000
__Lbank4                                                                 bank4        000000
__Lbank5                                                                 bank5        000000
__Lbigbss                                                                bigbss       000000
__Lbigdata                                                               bigdata      000000
__Lbigram                                                                bigram       000000
__Lbigsfr                                                                bigsfr       000000
__Lbss                                                                   bss          000000
__LbssBANK0                                                              bssBANK0     000000
__LbssCOMRAM                                                             bssCOMRAM    000000
__Lcinit                                                                 cinit        000000
__Lclrtext                                                               clrtext      000000
__Lcomram                                                                comram       000000
__Lconfig                                                                config       000000
__Lconst                                                                 const        000000
__LcstackBANK0                                                           cstackBANK0  000000
__LcstackCOMRAM                                                          cstackCOMRAM 000000
__Ldata                                                                  data         000000
__LdataBANK0                                                             dataBANK0    000000
__Leeprom_data                                                           eeprom_data  000000
__Lfarbss                                                                farbss       000000
__Lfardata                                                               fardata      000000
__Lheap                                                                  heap         000000
__Libigdata                                                              ibigdata     000000
__Lidata                                                                 idata        000000
__LidataBANK0                                                            idataBANK0   000000
__Lidloc                                                                 idloc        000000
__Lifardata                                                              ifardata     000000
__Linit                                                                  init         00104A
__Lintcode                                                               intcode      000008
__Lintcode_body                                                          intcode_body 000000
__Lintcodelo                                                             intcodelo    00104A
__Lintentry                                                              intentry     000000
__Lintret                                                                intret       000000
__Lintsave_regs                                                          intsave_regs 000000
__Lirdata                                                                irdata       000000
__Lmediumconst                                                           mediumconst  000000
__LnvFARRAM                                                              nvFARRAM     000000
__Lnvbit                                                                 nvbit        000000
__Lnvrram                                                                nvrram       000000
__Lparam                                                                 rparam       000000
__Lpowerup                                                               powerup      00104A
__Lram                                                                   ram          000000
__Lramtop                                                                ramtop       000600
__Lrbit                                                                  rbit         000000
__Lrbss                                                                  rbss         000000
__Lrdata                                                                 rdata        000000
__Lreset_vec                                                             reset_vec    000000
__Lrparam                                                                rparam       000000
__Lsfr                                                                   sfr          000000
__Lsmallconst                                                            smallconst   00104E
__Lspace_0                                                               (abs)        000000
__Lspace_1                                                               (abs)        000000
__Lspace_2                                                               (abs)        000000
__Lspace_4                                                               (abs)        000000
__Lstack                                                                 stack        000000
__Lstruct                                                                struct       000000
__Ltemp                                                                  temp         00005C
__Ltext                                                                  text         000000
__Ltext0                                                                 text0        000000
__Ltext1                                                                 text1        000000
__Ltext10                                                                text10       000000
__Ltext11                                                                text11       000000
__Ltext12                                                                text12       000000
__Ltext13                                                                text13       000000
__Ltext14                                                                text14       000000
__Ltext15                                                                text15       000000
__Ltext16                                                                text16       000000
__Ltext17                                                                text17       000000
__Ltext18                                                                text18       000000
__Ltext19                                                                text19       000000
__Ltext2                                                                 text2        000000
__Ltext20                                                                text20       000000
__Ltext21                                                                text21       000000
__Ltext22                                                                text22       000000
__Ltext3                                                                 text3        000000
__Ltext4                                                                 text4        000000
__Ltext5                                                                 text5        000000
__Ltext6                                                                 text6        000000
__Ltext8                                                                 text8        000000
__Ltext9                                                                 text9        000000
__S0                                                                     (abs)        0016CE
__S1                                                                     (abs)        000083
__S4                                                                     (abs)        000000
__S5                                                                     (abs)        000000
___heap_hi                                                               (abs)        000000
___heap_lo                                                               (abs)        000000
___inthi_sp                                                              stack        000000
___intlo_sp                                                              stack        000000
___lldiv                                                                 text9        001236
___lldiv@counter                                                         cstackCOMRAM 00004C
___lldiv@dividend                                                        cstackCOMRAM 000040
___lldiv@divisor                                                         cstackCOMRAM 000044
___lldiv@quotient                                                        cstackCOMRAM 000048
___param_bank                                                            (abs)        000000
___rparam_used                                                           (abs)        000001
___sp                                                                    stack        000000
__accesstop                                                              (abs)        000060
__activetblptr                                                           (abs)        000002
__cntErrataNOP_C:\Users\ricar\AppData\Local\Temp\xcAsbno.\driver_tmp_9.o (abs)        000001
__cntErrataNOP_dist/default/production\MagnetDigi24.X.production.o       (abs)        0000AD
__end_of_CleanHolding                                                    text19       001666
__end_of_ClosePort_SPI                                                   text6        0016CC
__end_of_CloseSerialPort                                                 text5        0016C4
__end_of_ConfigPort_SPI                                                  text4        00169E
__end_of_ConfigSerialPort                                                text3        001684
__end_of_InitCS5532                                                      text17       00158E
__end_of_Interrups                                                       intcode      00104A
__end_of_OpenPort_SPI                                                    text2        0016BC
__end_of_OpenSerialPort                                                  text1        0016B4
__end_of_ReadAD24                                                        text20       001236
__end_of_ReadByte_USART                                                  text16       00137E
__end_of_ReadRegister_4bytesCS5532                                       text21       001564
__end_of_ReceiveCMD_USART                                                text15       001162
__end_of_ResetCS5532                                                     text14       0013F0
__end_of_TransferByte_SPI                                                text22       001622
__end_of_TransmitCMD_USART                                               text11       0015B4
__end_of_TransmitDAT_USART                                               text10       0014AA
__end_of_WriteByte_USART                                                 text13       001644
__end_of_WriteRegister_4bytesCS5532                                      text18       0015DA
__end_of___lldiv                                                         text9        0012F4
__end_of__initialization                                                 cinit        0014E2
__end_of_main                                                            text0        001456
__end_of_print_string                                                    text12       001536
__end_of_print_value                                                     text8        0015FE
__initialization                                                         cinit        0014AA
__mediumconst                                                            mediumconst  000000
__pbssBANK0                                                              bssBANK0     000060
__pbssCOMRAM                                                             bssCOMRAM    000001
__pcinit                                                                 cinit        0014AA
__pcstackBANK0                                                           cstackBANK0  000081
__pcstackCOMRAM                                                          cstackCOMRAM 000040
__pdataBANK0                                                             dataBANK0    000074
__pidataBANK0                                                            idataBANK0   00169E
__pintcode                                                               intcode      000008
__psmallconst                                                            smallconst   00104E
__ptext0                                                                 text0        0013F0
__ptext1                                                                 text1        0016AC
__ptext10                                                                text10       001456
__ptext11                                                                text11       00158E
__ptext12                                                                text12       0014F0
__ptext13                                                                text13       001622
__ptext14                                                                text14       00137E
__ptext15                                                                text15       001086
__ptext16                                                                text16       0012F4
__ptext17                                                                text17       001564
__ptext18                                                                text18       0015B4
__ptext19                                                                text19       001644
__ptext2                                                                 text2        0016B4
__ptext20                                                                text20       001162
__ptext21                                                                text21       001536
__ptext22                                                                text22       0015FE
__ptext3                                                                 text3        001666
__ptext4                                                                 text4        001684
__ptext5                                                                 text5        0016BC
__ptext6                                                                 text6        0016C4
__ptext8                                                                 text8        0015DA
__ptext9                                                                 text9        001236
__ramtop                                                                 ramtop       000600
__smallconst                                                             smallconst   00104E
_main                                                                    text0        0013F0
_print_string                                                            text12       0014F0
_print_value                                                             text8        0015DA
btemp                                                                    temp         00005C
end_of_initialization                                                    cinit        0014E2
int$flags                                                                temp         00005C
intlevel0                                                                text         0016CC
intlevel1                                                                text         0016CC
intlevel2                                                                text         0016CC
intlevel3                                                                text         0016CC
isa$std                                                                  (abs)        000001
isa$xinst                                                                (abs)        000000
print_string@str                                                         cstackCOMRAM 000041
print_value@Bytes                                                        cstackCOMRAM 000045
print_value@value                                                        cstackCOMRAM 000041
stackhi                                                                  (abs)        000000
stacklo                                                                  (abs)        000000
start                                                                    init         00104A
start_initialization                                                     cinit        0014AA
ttemp5                                                                   temp         00005D
ttemp6                                                                   temp         000060
ttemp7                                                                   temp         000064
wtemp8                                                                   temp         00005D


MODULE INFORMATION

Module		Function		Class		Link	Load	Size
C:\Program Files\Microchip\xc8\v2.41\pic\sources\c99\common\__lldiv.c
		___lldiv       		CODE           	1236	0000	190

C:\Program Files\Microchip\xc8\v2.41\pic\sources\c99\common\__lldiv.c estimated size: 190

shared
		__initialization		CODE           	14AA	0000	56

shared estimated size: 56

Lib258_serial.c
		_ReceiveCMD_USART		CODE           	1086	0000	220
		_TransmitCMD_USART		CODE           	158E	0000	38
		_TransmitDAT_USART		CODE           	1456	0000	84
		_ConfigSerialPort		CODE           	1666	0000	30
		_print_string  		CODE           	14F0	0000	70
		_print_value   		CODE           	15DA	0000	36
		_WriteByte_USART		CODE           	1622	0000	34
		_CloseSerialPort		CODE           	16BC	0000	8
		_OpenSerialPort		CODE           	16AC	0000	8
		_ReadByte_USART		CODE           	12F4	0000	138

Lib258_serial.c estimated size: 666

MagnetDigi24.c
		_Interrups     		CODE           	0008	0000	4162
		_main          		CODE           	13F0	0000	102

MagnetDigi24.c estimated size: 4264

Lib258_spi.c
		_ClosePort_SPI 		CODE           	16C4	0000	8
		_InitCS5532    		CODE           	1564	0000	42
		_TransferByte_SPI		CODE           	15FE	0000	36
		_ConfigPort_SPI		CODE           	1684	0000	26
		_WriteRegister_4bytesCS5532		CODE           	15B4	0000	38
		_OpenPort_SPI  		CODE           	16B4	0000	8
		_ReadRegister_4bytesCS5532		CODE           	1536	0000	46
		_ReadAD24      		CODE           	1162	0000	212
		_ResetCS5532   		CODE           	137E	0000	114
		_CleanHolding  		CODE           	1644	0000	34

Lib258_spi.c estimated size: 564

